2026/04/06 22:26:55 Database connected successfully
2026/04/06 22:26:55 Database migrated successfully
[GIN-debug] [WARNING] Creating an Engine instance with the Logger and Recovery middleware already attached.

[GIN-debug] [WARNING] Running in "debug" mode. Switch to "release" mode in production.
 - using env:	export GIN_MODE=release
 - using code:	gin.SetMode(gin.ReleaseMode)

[GIN-debug] GET    /uploads/*filepath        --> github.com/gin-gonic/gin.(*RouterGroup).createStaticHandler.func1 (4 handlers)
[GIN-debug] HEAD   /uploads/*filepath        --> github.com/gin-gonic/gin.(*RouterGroup).createStaticHandler.func1 (4 handlers)
[GIN-debug] GET    /api/health               --> ojt-system/routes.RegisterRoutes.func1 (4 handlers)
[GIN-debug] POST   /api/auth/register        --> ojt-system/controllers.Register (4 handlers)
[GIN-debug] POST   /api/auth/login           --> ojt-system/controllers.Login (4 handlers)
[GIN-debug] POST   /api/auth/change-password --> ojt-system/controllers.ChangePassword (5 handlers)
[GIN-debug] GET    /api/me                   --> ojt-system/controllers.GetMe (5 handlers)
[GIN-debug] PUT    /api/me                   --> ojt-system/controllers.UpdateProfile (5 handlers)
[GIN-debug] POST   /api/me/avatar            --> ojt-system/controllers.UploadAvatar (5 handlers)
[GIN-debug] POST   /api/timelogs/            --> ojt-system/controllers.CreateTimeLog (5 handlers)
[GIN-debug] POST   /api/timelogs/clockin     --> ojt-system/controllers.ClockIn (5 handlers)
[GIN-debug] PATCH  /api/timelogs/clockout    --> ojt-system/controllers.ClockOut (5 handlers)
[GIN-debug] GET    /api/timelogs/            --> ojt-system/controllers.GetMyTimeLogs (5 handlers)
[GIN-debug] GET    /api/timelogs/:student_id --> ojt-system/controllers.GetStudentTimeLogs (6 handlers)
[GIN-debug] GET    /api/timelogs/:student_id/summary --> ojt-system/controllers.GetStudentSummary (6 handlers)
[GIN-debug] PATCH  /api/timelogs/:id/approve --> ojt-system/controllers.ApproveTimeLog (6 handlers)
[GIN-debug] PATCH  /api/timelogs/:id/reject  --> ojt-system/controllers.RejectTimeLog (6 handlers)
[GIN-debug] POST   /api/evaluations/         --> ojt-system/controllers.CreateEvaluation (6 handlers)
[GIN-debug] GET    /api/evaluations/me       --> ojt-system/controllers.GetMyEvaluations (5 handlers)
[GIN-debug] GET    /api/evaluations/:student_id --> ojt-system/controllers.GetStudentEvaluations (6 handlers)
[GIN-debug] GET    /api/evaluations/:student_id/latest --> ojt-system/controllers.GetLatestEvaluation (6 handlers)
[GIN-debug] GET    /api/reports/:student_id/pdf --> ojt-system/controllers.GenerateStudentReport (6 handlers)
[GIN-debug] POST   /api/documents            --> ojt-system/controllers.UploadDocument (5 handlers)
[GIN-debug] GET    /api/documents            --> ojt-system/controllers.GetMyDocuments (5 handlers)
[GIN-debug] GET    /api/notifications/       --> ojt-system/controllers.GetMyNotifications (5 handlers)
[GIN-debug] PATCH  /api/notifications/:id/read --> ojt-system/controllers.MarkNotificationRead (5 handlers)
[GIN-debug] PATCH  /api/notifications/read-all --> ojt-system/controllers.MarkAllNotificationsReadGlobal (5 handlers)
[GIN-debug] GET    /api/supervisor/students  --> ojt-system/controllers.GetSupervisorStudents (6 handlers)
[GIN-debug] GET    /api/supervisor/notifications --> ojt-system/controllers.GetSupervisorNotifications (6 handlers)
[GIN-debug] PATCH  /api/supervisor/notifications/read-all --> ojt-system/controllers.MarkAllNotificationsRead (6 handlers)
[GIN-debug] GET    /api/supervisor/activity  --> ojt-system/controllers.GetSupervisorActivity (6 handlers)
[GIN-debug] GET    /api/coordinator/students --> ojt-system/controllers.GetCoordinatorStudents (6 handlers)
[GIN-debug] GET    /api/coordinator/stats    --> ojt-system/controllers.GetCoordinatorStats (6 handlers)
[GIN-debug] GET    /api/coordinator/users/pending --> ojt-system/controllers.GetPendingUsers (6 handlers)
[GIN-debug] PATCH  /api/coordinator/users/:id/approve --> ojt-system/controllers.ApproveUser (6 handlers)
[GIN-debug] PATCH  /api/coordinator/users/:id/reject --> ojt-system/controllers.RejectUser (6 handlers)
[GIN-debug] GET    /api/coordinator/documents --> ojt-system/controllers.GetAllDocuments (6 handlers)
[GIN-debug] PATCH  /api/coordinator/documents/:id/approve --> ojt-system/controllers.ApproveDocument (6 handlers)
[GIN-debug] PATCH  /api/coordinator/documents/:id/reject --> ojt-system/controllers.RejectDocument (6 handlers)
[GIN-debug] GET    /api/faculty/students     --> ojt-system/controllers.GetCoordinatorStudents (6 handlers)
[GIN-debug] GET    /api/faculty/stats        --> ojt-system/controllers.GetCoordinatorStats (6 handlers)
[GIN-debug] GET    /api/assignments/         --> ojt-system/controllers.GetAssignments (6 handlers)
[GIN-debug] GET    /api/assignments/options  --> ojt-system/controllers.GetAssignmentOptions (6 handlers)
[GIN-debug] POST   /api/assignments/         --> ojt-system/controllers.CreateAssignment (6 handlers)
[GIN-debug] PATCH  /api/assignments/:id      --> ojt-system/controllers.UpdateAssignment (6 handlers)
[GIN-debug] DELETE /api/assignments/:id      --> ojt-system/controllers.DeleteAssignment (6 handlers)
[GIN-debug] GET    /api/companies/           --> ojt-system/controllers.GetCompanies (6 handlers)
[GIN-debug] POST   /api/companies/           --> ojt-system/controllers.CreateCompany (6 handlers)
[GIN-debug] PATCH  /api/companies/:id        --> ojt-system/controllers.UpdateCompany (6 handlers)
[GIN-debug] DELETE /api/companies/:id        --> ojt-system/controllers.DeleteCompany (6 handlers)
2026/04/06 22:26:55 Server running on port 8080
[GIN-debug] [WARNING] You trusted all proxies, this is NOT safe. We recommend you to set a value.
Please check https://pkg.go.dev/github.com/gin-gonic/gin#readme-don-t-trust-all-proxies for details.
[GIN-debug] Listening and serving HTTP on :8080
[GIN] 2026/04/06 - 22:27:10 | 204 |      33.433µs |             ::1 | OPTIONS  "/api/notifications/"
[GIN] 2026/04/06 - 22:27:10 | 200 |     866.427µs |             ::1 | GET      "/api/notifications/"
signal: killed
