2026/05/09 00:29:35 ✅ Database connected successfully
2026/05/09 00:29:35 Database migrated successfully
2026/05/09 00:29:35 ⚠️  Cloudinary not configured: cloudinary credentials not set or still using placeholders
2026/05/09 00:29:35    Avatar uploads will fail until CLOUDINARY_* env vars are set.
[GIN-debug] [WARNING] Creating an Engine instance with the Logger and Recovery middleware already attached.

[GIN-debug] [WARNING] Running in "debug" mode. Switch to "release" mode in production.
 - using env:	export GIN_MODE=release
 - using code:	gin.SetMode(gin.ReleaseMode)

2026/05/09 00:29:35 ⚙️  Setting up CORS...
[GIN-debug] GET    /                         --> main.main.func1 (5 handlers)
[GIN-debug] GET    /uploads/*filepath        --> github.com/gin-gonic/gin.(*RouterGroup).createStaticHandler.func1 (5 handlers)
[GIN-debug] HEAD   /uploads/*filepath        --> github.com/gin-gonic/gin.(*RouterGroup).createStaticHandler.func1 (5 handlers)
2026/05/09 00:29:35 🛣️  Registering routes...
[GIN-debug] GET    /api/health               --> ojt-system/routes.RegisterRoutes.func1 (5 handlers)
[GIN-debug] POST   /api/auth/register        --> ojt-system/controllers.Register (5 handlers)
[GIN-debug] POST   /api/auth/login           --> ojt-system/controllers.Login (5 handlers)
[GIN-debug] POST   /api/auth/change-password --> ojt-system/controllers.ChangePassword (6 handlers)
[GIN-debug] GET    /api/me                   --> ojt-system/controllers.GetMe (6 handlers)
[GIN-debug] PUT    /api/me                   --> ojt-system/controllers.UpdateProfile (6 handlers)
[GIN-debug] POST   /api/me/avatar            --> ojt-system/controllers.UploadAvatar (6 handlers)
[GIN-debug] POST   /api/timelogs/            --> ojt-system/controllers.CreateTimeLog (6 handlers)
[GIN-debug] POST   /api/timelogs/clockin     --> ojt-system/controllers.ClockIn (6 handlers)
[GIN-debug] PATCH  /api/timelogs/clockout    --> ojt-system/controllers.ClockOut (6 handlers)
[GIN-debug] GET    /api/timelogs/            --> ojt-system/controllers.GetMyTimeLogs (6 handlers)
[GIN-debug] GET    /api/timelogs/:student_id --> ojt-system/controllers.GetStudentTimeLogs (7 handlers)
[GIN-debug] GET    /api/timelogs/:student_id/summary --> ojt-system/controllers.GetStudentSummary (7 handlers)
[GIN-debug] PATCH  /api/timelogs/:id/approve --> ojt-system/controllers.ApproveTimeLog (7 handlers)
[GIN-debug] PATCH  /api/timelogs/:id/reject  --> ojt-system/controllers.RejectTimeLog (7 handlers)
[GIN-debug] POST   /api/evaluations/         --> ojt-system/controllers.CreateEvaluation (7 handlers)
[GIN-debug] GET    /api/evaluations/me       --> ojt-system/controllers.GetMyEvaluations (6 handlers)
[GIN-debug] GET    /api/evaluations/:student_id --> ojt-system/controllers.GetStudentEvaluations (7 handlers)
[GIN-debug] GET    /api/evaluations/:student_id/latest --> ojt-system/controllers.GetLatestEvaluation (7 handlers)
[GIN-debug] GET    /api/reports/:student_id/pdf --> ojt-system/controllers.GenerateStudentReport (7 handlers)
[GIN-debug] POST   /api/documents            --> ojt-system/controllers.UploadDocument (6 handlers)
[GIN-debug] GET    /api/documents            --> ojt-system/controllers.GetMyDocuments (6 handlers)
[GIN-debug] GET    /api/notifications/       --> ojt-system/controllers.GetMyNotifications (6 handlers)
[GIN-debug] PATCH  /api/notifications/:id/read --> ojt-system/controllers.MarkNotificationRead (6 handlers)
[GIN-debug] PATCH  /api/notifications/read-all --> ojt-system/controllers.MarkAllNotificationsReadGlobal (6 handlers)
[GIN-debug] GET    /api/supervisor/students  --> ojt-system/controllers.GetSupervisorStudents (7 handlers)
[GIN-debug] GET    /api/supervisor/notifications --> ojt-system/controllers.GetSupervisorNotifications (7 handlers)
[GIN-debug] PATCH  /api/supervisor/notifications/read-all --> ojt-system/controllers.MarkAllNotificationsRead (7 handlers)
[GIN-debug] GET    /api/supervisor/activity  --> ojt-system/controllers.GetSupervisorActivity (7 handlers)
[GIN-debug] GET    /api/coordinator/students --> ojt-system/controllers.GetCoordinatorStudents (7 handlers)
[GIN-debug] GET    /api/coordinator/stats    --> ojt-system/controllers.GetCoordinatorStats (7 handlers)
[GIN-debug] GET    /api/coordinator/users/pending --> ojt-system/controllers.GetPendingUsers (7 handlers)
[GIN-debug] PATCH  /api/coordinator/users/:id/approve --> ojt-system/controllers.ApproveUser (7 handlers)
[GIN-debug] PATCH  /api/coordinator/users/:id/reject --> ojt-system/controllers.RejectUser (7 handlers)
[GIN-debug] GET    /api/coordinator/documents --> ojt-system/controllers.GetAllDocuments (7 handlers)
[GIN-debug] PATCH  /api/coordinator/documents/:id/approve --> ojt-system/controllers.ApproveDocument (7 handlers)
[GIN-debug] PATCH  /api/coordinator/documents/:id/reject --> ojt-system/controllers.RejectDocument (7 handlers)
[GIN-debug] GET    /api/faculty/students     --> ojt-system/controllers.GetCoordinatorStudents (7 handlers)
[GIN-debug] GET    /api/faculty/stats        --> ojt-system/controllers.GetCoordinatorStats (7 handlers)
[GIN-debug] GET    /api/assignments/         --> ojt-system/controllers.GetAssignments (7 handlers)
[GIN-debug] GET    /api/assignments/options  --> ojt-system/controllers.GetAssignmentOptions (7 handlers)
[GIN-debug] POST   /api/assignments/         --> ojt-system/controllers.CreateAssignment (7 handlers)
[GIN-debug] PATCH  /api/assignments/:id      --> ojt-system/controllers.UpdateAssignment (7 handlers)
[GIN-debug] DELETE /api/assignments/:id      --> ojt-system/controllers.DeleteAssignment (7 handlers)
[GIN-debug] GET    /api/companies/           --> ojt-system/controllers.GetCompanies (7 handlers)
[GIN-debug] POST   /api/companies/           --> ojt-system/controllers.CreateCompany (7 handlers)
[GIN-debug] PATCH  /api/companies/:id        --> ojt-system/controllers.UpdateCompany (7 handlers)
[GIN-debug] DELETE /api/companies/:id        --> ojt-system/controllers.DeleteCompany (7 handlers)
[GIN-debug] GET    /api/departments/         --> ojt-system/controllers.GetDepartments (6 handlers)
[GIN-debug] GET    /api/departments/:id/members --> ojt-system/controllers.GetDepartmentMembers (7 handlers)
[GIN-debug] POST   /api/departments/         --> ojt-system/controllers.CreateDepartment (7 handlers)
[GIN-debug] PATCH  /api/departments/:id      --> ojt-system/controllers.UpdateDepartment (7 handlers)
[GIN-debug] POST   /api/departments/:id/image --> ojt-system/controllers.UploadDepartmentImage (7 handlers)
[GIN-debug] DELETE /api/departments/:id      --> ojt-system/controllers.DeleteDepartment (7 handlers)
2026/05/09 00:29:35 🚀 Server is attempting to start on port 8080...
[GIN-debug] [WARNING] You trusted all proxies, this is NOT safe. We recommend you to set a value.
Please check https://pkg.go.dev/github.com/gin-gonic/gin#readme-don-t-trust-all-proxies for details.
[GIN-debug] Listening and serving HTTP on :8080
[GIN] 2026/05/09 - 00:29:36 | 204 |      32.401µs |             ::1 | OPTIONS  "/api/auth/login"
[GIN] 2026/05/09 - 00:29:36 | 200 |   66.882658ms |             ::1 | POST     "/api/auth/login"
[GIN] 2026/05/09 - 00:29:36 | 204 |       6.732µs |             ::1 | OPTIONS  "/api/notifications/"
[GIN] 2026/05/09 - 00:29:36 | 204 |       21.17µs |             ::1 | OPTIONS  "/api/timelogs/"
[GIN] 2026/05/09 - 00:29:36 | 204 |        5.23µs |             ::1 | OPTIONS  "/api/evaluations/me"
[GIN] 2026/05/09 - 00:29:36 | 204 |      21.341µs |             ::1 | OPTIONS  "/api/notifications/"
[GIN] 2026/05/09 - 00:29:36 | 204 |      24.216µs |             ::1 | OPTIONS  "/api/timelogs/"
[GIN] 2026/05/09 - 00:29:36 | 204 |      46.538µs |             ::1 | OPTIONS  "/api/evaluations/me"
[GIN] 2026/05/09 - 00:29:36 | 200 |    1.761735ms |             ::1 | GET      "/api/notifications/"
[GIN] 2026/05/09 - 00:29:36 | 200 |    3.193206ms |             ::1 | GET      "/api/timelogs/"
[GIN] 2026/05/09 - 00:29:36 | 200 |    1.798445ms |             ::1 | GET      "/api/timelogs/"
[GIN] 2026/05/09 - 00:29:36 | 200 |    8.097321ms |             ::1 | GET      "/api/evaluations/me"
[GIN] 2026/05/09 - 00:29:36 | 200 |    8.781687ms |             ::1 | GET      "/api/notifications/"
[GIN] 2026/05/09 - 00:29:36 | 200 |     590.959µs |             ::1 | GET      "/api/evaluations/me"
[GIN] 2026/05/09 - 00:29:36 | 204 |      27.391µs |             ::1 | OPTIONS  "/api/notifications/"
[GIN] 2026/05/09 - 00:29:36 | 200 |      681.77µs |             ::1 | GET      "/api/notifications/"
[GIN] 2026/05/09 - 00:29:36 | 200 |     884.144µs |             ::1 | GET      "/api/notifications/"
[GIN] 2026/05/09 - 00:29:38 | 200 |    2.113321ms |             ::1 | GET      "/api/timelogs/"
[GIN] 2026/05/09 - 00:29:38 | 200 |    1.004602ms |             ::1 | GET      "/api/timelogs/"
[GIN] 2026/05/09 - 00:29:57 | 204 |       6.963µs |             ::1 | OPTIONS  "/api/timelogs/clockin"

2026/05/09 00:29:57 [31;1m/home/jesua/Documents/My Personal Project/ojt-system/backend/controllers/timelog_controller.go:114 [35;1mrecord not found
[0m[33m[0.856ms] [34;1m[rows:0][0m SELECT * FROM "time_logs" WHERE (student_id = 2 AND clock_out IS NULL) AND "time_logs"."deleted_at" IS NULL ORDER BY "time_logs"."id" LIMIT 1
[GIN] 2026/05/09 - 00:29:57 | 201 |    7.259904ms |             ::1 | POST     "/api/timelogs/clockin"
[GIN] 2026/05/09 - 00:29:57 | 204 |       8.226µs |             ::1 | OPTIONS  "/api/timelogs/"
[GIN] 2026/05/09 - 00:29:57 | 200 |    1.041312ms |             ::1 | GET      "/api/timelogs/"
[GIN] 2026/05/09 - 00:29:58 | 200 |    4.954039ms |             ::1 | GET      "/uploads/ojt-system/timelogs/clockin_2_1778257797"
[GIN] 2026/05/09 - 00:30:06 | 204 |       9.197µs |             ::1 | OPTIONS  "/api/notifications/"
[GIN] 2026/05/09 - 00:30:06 | 200 |     673.444µs |             ::1 | GET      "/api/notifications/"
[GIN] 2026/05/09 - 00:30:06 | 204 |       9.047µs |             ::1 | OPTIONS  "/api/notifications/"
[GIN] 2026/05/09 - 00:30:06 | 200 |     969.255µs |             ::1 | GET      "/api/notifications/"
[GIN] 2026/05/09 - 00:30:06 | 200 |    1.011194ms |             ::1 | GET      "/api/notifications/"
[GIN] 2026/05/09 - 00:30:08 | 204 |       9.378µs |             ::1 | OPTIONS  "/api/timelogs/"
[GIN] 2026/05/09 - 00:30:08 | 204 |       8.225µs |             ::1 | OPTIONS  "/api/evaluations/me"
[GIN] 2026/05/09 - 00:30:08 | 204 |       4.488µs |             ::1 | OPTIONS  "/api/timelogs/"
[GIN] 2026/05/09 - 00:30:08 | 204 |      10.299µs |             ::1 | OPTIONS  "/api/evaluations/me"
[GIN] 2026/05/09 - 00:30:08 | 200 |    1.105663ms |             ::1 | GET      "/api/timelogs/"
[GIN] 2026/05/09 - 00:30:08 | 200 |    1.909024ms |             ::1 | GET      "/api/evaluations/me"
[GIN] 2026/05/09 - 00:30:08 | 200 |     590.959µs |             ::1 | GET      "/api/evaluations/me"
[GIN] 2026/05/09 - 00:30:08 | 200 |    2.008402ms |             ::1 | GET      "/api/timelogs/"
[GIN] 2026/05/09 - 00:30:10 | 200 |    2.024472ms |             ::1 | GET      "/api/timelogs/"
[GIN] 2026/05/09 - 00:30:10 | 200 |    1.120251ms |             ::1 | GET      "/api/timelogs/"
[GIN] 2026/05/09 - 00:30:10 | 304 |      57.919µs |             ::1 | GET      "/uploads/ojt-system/timelogs/clockin_2_1778257797"
[GIN] 2026/05/09 - 00:30:32 | 204 |       8.506µs |             ::1 | OPTIONS  "/api/timelogs/clockout"
[GIN] 2026/05/09 - 00:30:32 | 200 |    3.050165ms |             ::1 | PATCH    "/api/timelogs/clockout"
[GIN] 2026/05/09 - 00:30:32 | 204 |       9.167µs |             ::1 | OPTIONS  "/api/timelogs/"
[GIN] 2026/05/09 - 00:30:32 | 200 |    1.905668ms |             ::1 | GET      "/api/timelogs/"
[GIN] 2026/05/09 - 00:30:32 | 200 |     146.027µs |             ::1 | GET      "/uploads/ojt-system/timelogs/clockout_2_1778257832"
[GIN] 2026/05/09 - 00:30:36 | 204 |       6.893µs |             ::1 | OPTIONS  "/api/notifications/"
[GIN] 2026/05/09 - 00:30:36 | 200 |     939.489µs |             ::1 | GET      "/api/notifications/"
[GIN] 2026/05/09 - 00:30:36 | 204 |       7.284µs |             ::1 | OPTIONS  "/api/notifications/"
[GIN] 2026/05/09 - 00:30:36 | 200 |     715.905µs |             ::1 | GET      "/api/notifications/"
[GIN] 2026/05/09 - 00:30:36 | 200 |     745.251µs |             ::1 | GET      "/api/notifications/"
[GIN] 2026/05/09 - 00:30:44 | 204 |       6.863µs |             ::1 | OPTIONS  "/api/timelogs/clockin"

2026/05/09 00:30:44 [31;1m/home/jesua/Documents/My Personal Project/ojt-system/backend/controllers/timelog_controller.go:114 [35;1mrecord not found
[0m[33m[0.460ms] [34;1m[rows:0][0m SELECT * FROM "time_logs" WHERE (student_id = 2 AND clock_out IS NULL) AND "time_logs"."deleted_at" IS NULL ORDER BY "time_logs"."id" LIMIT 1
[GIN] 2026/05/09 - 00:30:44 | 201 |    5.528516ms |             ::1 | POST     "/api/timelogs/clockin"
[GIN] 2026/05/09 - 00:30:44 | 204 |       6.532µs |             ::1 | OPTIONS  "/api/timelogs/"
[GIN] 2026/05/09 - 00:30:44 | 200 |    1.174213ms |             ::1 | GET      "/api/timelogs/"
[GIN] 2026/05/09 - 00:30:44 | 200 |     186.082µs |             ::1 | GET      "/uploads/ojt-system/timelogs/clockin_2_1778257844"
[GIN] 2026/05/09 - 00:31:06 | 204 |       6.242µs |             ::1 | OPTIONS  "/api/notifications/"
[GIN] 2026/05/09 - 00:31:06 | 200 |     625.855µs |             ::1 | GET      "/api/notifications/"
[GIN] 2026/05/09 - 00:31:06 | 204 |       9.338µs |             ::1 | OPTIONS  "/api/notifications/"
[GIN] 2026/05/09 - 00:31:06 | 200 |     801.347µs |             ::1 | GET      "/api/notifications/"
[GIN] 2026/05/09 - 00:31:06 | 200 |     618.932µs |             ::1 | GET      "/api/notifications/"
[GIN] 2026/05/09 - 00:31:07 | 204 |       5.621µs |             ::1 | OPTIONS  "/api/timelogs/clockout"
[GIN] 2026/05/09 - 00:31:07 | 200 |     7.06873ms |             ::1 | PATCH    "/api/timelogs/clockout"
[GIN] 2026/05/09 - 00:31:07 | 204 |       10.79µs |             ::1 | OPTIONS  "/api/timelogs/"
[GIN] 2026/05/09 - 00:31:07 | 200 |     880.086µs |             ::1 | GET      "/api/timelogs/"
[GIN] 2026/05/09 - 00:31:07 | 200 |     239.043µs |             ::1 | GET      "/uploads/ojt-system/timelogs/clockout_2_1778257867"
[GIN] 2026/05/09 - 00:31:36 | 204 |       8.316µs |             ::1 | OPTIONS  "/api/notifications/"
[GIN] 2026/05/09 - 00:31:36 | 200 |     506.108µs |             ::1 | GET      "/api/notifications/"
[GIN] 2026/05/09 - 00:31:36 | 204 |       7.494µs |             ::1 | OPTIONS  "/api/notifications/"
[GIN] 2026/05/09 - 00:31:36 | 200 |     470.491µs |             ::1 | GET      "/api/notifications/"
[GIN] 2026/05/09 - 00:31:36 | 200 |     499.966µs |             ::1 | GET      "/api/notifications/"
[GIN] 2026/05/09 - 00:31:56 | 204 |       6.964µs |             ::1 | OPTIONS  "/api/auth/login"
[GIN] 2026/05/09 - 00:31:56 | 200 |   69.463222ms |             ::1 | POST     "/api/auth/login"
[GIN] 2026/05/09 - 00:31:56 | 204 |       10.33µs |             ::1 | OPTIONS  "/api/coordinator/users/pending"
[GIN] 2026/05/09 - 00:31:56 | 204 |       8.606µs |             ::1 | OPTIONS  "/api/notifications/"
[GIN] 2026/05/09 - 00:31:56 | 204 |       4.509µs |             ::1 | OPTIONS  "/api/coordinator/students"
[GIN] 2026/05/09 - 00:31:56 | 204 |       5.731µs |             ::1 | OPTIONS  "/api/notifications/"
[GIN] 2026/05/09 - 00:31:56 | 200 |     840.431µs |             ::1 | GET      "/api/coordinator/users/pending"
[GIN] 2026/05/09 - 00:31:56 | 204 |       3.336µs |             ::1 | OPTIONS  "/api/coordinator/students"
[GIN] 2026/05/09 - 00:31:56 | 200 |     565.901µs |             ::1 | GET      "/api/notifications/"

2026/05/09 00:31:56 [31;1m/home/jesua/Documents/My Personal Project/ojt-system/backend/controllers/coordinator_controller.go:72 [35;1mrecord not found
[0m[33m[0.432ms] [34;1m[rows:0][0m SELECT * FROM "evaluations" WHERE student_id = 2 AND "evaluations"."deleted_at" IS NULL ORDER BY created_at desc,"evaluations"."id" LIMIT 1

2026/05/09 00:31:56 [31;1m/home/jesua/Documents/My Personal Project/ojt-system/backend/controllers/coordinator_controller.go:72 [35;1mrecord not found
[0m[33m[0.183ms] [34;1m[rows:0][0m SELECT * FROM "evaluations" WHERE student_id = 8 AND "evaluations"."deleted_at" IS NULL ORDER BY created_at desc,"evaluations"."id" LIMIT 1
[GIN] 2026/05/09 - 00:31:56 | 200 |    6.393141ms |             ::1 | GET      "/api/coordinator/students"
[GIN] 2026/05/09 - 00:31:56 | 200 |     729.742µs |             ::1 | GET      "/api/notifications/"

2026/05/09 00:31:56 [31;1m/home/jesua/Documents/My Personal Project/ojt-system/backend/controllers/coordinator_controller.go:72 [35;1mrecord not found
[0m[33m[0.418ms] [34;1m[rows:0][0m SELECT * FROM "evaluations" WHERE student_id = 2 AND "evaluations"."deleted_at" IS NULL ORDER BY created_at desc,"evaluations"."id" LIMIT 1

2026/05/09 00:31:56 [31;1m/home/jesua/Documents/My Personal Project/ojt-system/backend/controllers/coordinator_controller.go:72 [35;1mrecord not found
[0m[33m[0.258ms] [34;1m[rows:0][0m SELECT * FROM "evaluations" WHERE student_id = 8 AND "evaluations"."deleted_at" IS NULL ORDER BY created_at desc,"evaluations"."id" LIMIT 1
[GIN] 2026/05/09 - 00:31:56 | 200 |    5.031263ms |             ::1 | GET      "/api/coordinator/students"
[GIN] 2026/05/09 - 00:31:56 | 200 |    6.850467ms |             ::1 | GET      "/api/coordinator/users/pending"

2026/05/09 00:31:57 [31;1m/home/jesua/Documents/My Personal Project/ojt-system/backend/controllers/coordinator_controller.go:72 [35;1mrecord not found
[0m[33m[0.164ms] [34;1m[rows:0][0m SELECT * FROM "evaluations" WHERE student_id = 2 AND "evaluations"."deleted_at" IS NULL ORDER BY created_at desc,"evaluations"."id" LIMIT 1

2026/05/09 00:31:57 [31;1m/home/jesua/Documents/My Personal Project/ojt-system/backend/controllers/coordinator_controller.go:72 [35;1mrecord not found
[0m[33m[0.166ms] [34;1m[rows:0][0m SELECT * FROM "evaluations" WHERE student_id = 8 AND "evaluations"."deleted_at" IS NULL ORDER BY created_at desc,"evaluations"."id" LIMIT 1
[GIN] 2026/05/09 - 00:31:57 | 200 |    2.686856ms |             ::1 | GET      "/api/coordinator/students"

2026/05/09 00:31:57 [31;1m/home/jesua/Documents/My Personal Project/ojt-system/backend/controllers/coordinator_controller.go:72 [35;1mrecord not found
[0m[33m[0.131ms] [34;1m[rows:0][0m SELECT * FROM "evaluations" WHERE student_id = 2 AND "evaluations"."deleted_at" IS NULL ORDER BY created_at desc,"evaluations"."id" LIMIT 1

2026/05/09 00:31:57 [31;1m/home/jesua/Documents/My Personal Project/ojt-system/backend/controllers/coordinator_controller.go:72 [35;1mrecord not found
[0m[33m[0.228ms] [34;1m[rows:0][0m SELECT * FROM "evaluations" WHERE student_id = 8 AND "evaluations"."deleted_at" IS NULL ORDER BY created_at desc,"evaluations"."id" LIMIT 1
[GIN] 2026/05/09 - 00:31:57 | 200 |    2.286889ms |             ::1 | GET      "/api/coordinator/students"
[GIN] 2026/05/09 - 00:31:58 | 204 |       9.358µs |             ::1 | OPTIONS  "/api/coordinator/users/pending?status=pending"
[GIN] 2026/05/09 - 00:31:58 | 204 |       6.302µs |             ::1 | OPTIONS  "/api/departments/"
[GIN] 2026/05/09 - 00:31:58 | 204 |       6.282µs |             ::1 | OPTIONS  "/api/coordinator/users/pending?status=pending"
[GIN] 2026/05/09 - 00:31:58 | 204 |        5.34µs |             ::1 | OPTIONS  "/api/departments/"
[GIN] 2026/05/09 - 00:31:58 | 200 |     945.129µs |             ::1 | GET      "/api/coordinator/users/pending?status=pending"
[GIN] 2026/05/09 - 00:31:58 | 200 |    1.229367ms |             ::1 | GET      "/api/departments/"
[GIN] 2026/05/09 - 00:31:58 | 200 |     740.251µs |             ::1 | GET      "/api/coordinator/users/pending?status=pending"
[GIN] 2026/05/09 - 00:31:58 | 200 |    1.234246ms |             ::1 | GET      "/api/departments/"
[GIN] 2026/05/09 - 00:32:00 | 200 |     418.913µs |             ::1 | GET      "/api/departments/"
[GIN] 2026/05/09 - 00:32:00 | 200 |     376.704µs |             ::1 | GET      "/api/departments/"

2026/05/09 00:32:01 [31;1m/home/jesua/Documents/My Personal Project/ojt-system/backend/controllers/coordinator_controller.go:72 [35;1mrecord not found
[0m[33m[0.125ms] [34;1m[rows:0][0m SELECT * FROM "evaluations" WHERE student_id = 2 AND "evaluations"."deleted_at" IS NULL ORDER BY created_at desc,"evaluations"."id" LIMIT 1

2026/05/09 00:32:01 [31;1m/home/jesua/Documents/My Personal Project/ojt-system/backend/controllers/coordinator_controller.go:72 [35;1mrecord not found
[0m[33m[0.106ms] [34;1m[rows:0][0m SELECT * FROM "evaluations" WHERE student_id = 8 AND "evaluations"."deleted_at" IS NULL ORDER BY created_at desc,"evaluations"."id" LIMIT 1
[GIN] 2026/05/09 - 00:32:01 | 200 |    2.660476ms |             ::1 | GET      "/api/coordinator/students"

2026/05/09 00:32:01 [31;1m/home/jesua/Documents/My Personal Project/ojt-system/backend/controllers/coordinator_controller.go:72 [35;1mrecord not found
[0m[33m[0.083ms] [34;1m[rows:0][0m SELECT * FROM "evaluations" WHERE student_id = 2 AND "evaluations"."deleted_at" IS NULL ORDER BY created_at desc,"evaluations"."id" LIMIT 1

2026/05/09 00:32:01 [31;1m/home/jesua/Documents/My Personal Project/ojt-system/backend/controllers/coordinator_controller.go:72 [35;1mrecord not found
[0m[33m[0.087ms] [34;1m[rows:0][0m SELECT * FROM "evaluations" WHERE student_id = 8 AND "evaluations"."deleted_at" IS NULL ORDER BY created_at desc,"evaluations"."id" LIMIT 1
[GIN] 2026/05/09 - 00:32:01 | 200 |    1.882343ms |             ::1 | GET      "/api/coordinator/students"
[GIN] 2026/05/09 - 00:32:04 | 204 |      11.531µs |             ::1 | OPTIONS  "/api/me"
[GIN] 2026/05/09 - 00:32:04 | 204 |       6.031µs |             ::1 | OPTIONS  "/api/me"
[GIN] 2026/05/09 - 00:32:04 | 200 |     763.034µs |             ::1 | GET      "/api/me"
[GIN] 2026/05/09 - 00:32:04 | 200 |     633.309µs |             ::1 | GET      "/api/me"
[GIN] 2026/05/09 - 00:32:04 | 204 |      30.588µs |             ::1 | OPTIONS  "/api/coordinator/users/pending"
[GIN] 2026/05/09 - 00:32:04 | 204 |       10.51µs |             ::1 | OPTIONS  "/api/notifications/"
[GIN] 2026/05/09 - 00:32:04 | 204 |       6.392µs |             ::1 | OPTIONS  "/api/coordinator/students"
[GIN] 2026/05/09 - 00:32:04 | 204 |      11.031µs |             ::1 | OPTIONS  "/api/coordinator/users/pending"
[GIN] 2026/05/09 - 00:32:04 | 204 |       5.872µs |             ::1 | OPTIONS  "/api/notifications/"
[GIN] 2026/05/09 - 00:32:04 | 204 |       8.346µs |             ::1 | OPTIONS  "/api/coordinator/students"
[GIN] 2026/05/09 - 00:32:04 | 200 |     1.20995ms |             ::1 | GET      "/api/coordinator/users/pending"
[GIN] 2026/05/09 - 00:32:04 | 200 |    1.372027ms |             ::1 | GET      "/api/notifications/"
[GIN] 2026/05/09 - 00:32:04 | 200 |      644.43µs |             ::1 | GET      "/api/coordinator/users/pending"
[GIN] 2026/05/09 - 00:32:04 | 200 |     600.126µs |             ::1 | GET      "/api/notifications/"

2026/05/09 00:32:04 [31;1m/home/jesua/Documents/My Personal Project/ojt-system/backend/controllers/coordinator_controller.go:72 [35;1mrecord not found
[0m[33m[0.222ms] [34;1m[rows:0][0m SELECT * FROM "evaluations" WHERE student_id = 2 AND "evaluations"."deleted_at" IS NULL ORDER BY created_at desc,"evaluations"."id" LIMIT 1

2026/05/09 00:32:04 [31;1m/home/jesua/Documents/My Personal Project/ojt-system/backend/controllers/coordinator_controller.go:72 [35;1mrecord not found
[0m[33m[0.145ms] [34;1m[rows:0][0m SELECT * FROM "evaluations" WHERE student_id = 8 AND "evaluations"."deleted_at" IS NULL ORDER BY created_at desc,"evaluations"."id" LIMIT 1
[GIN] 2026/05/09 - 00:32:04 | 200 |      11.792ms |             ::1 | GET      "/api/coordinator/students"

2026/05/09 00:32:04 [31;1m/home/jesua/Documents/My Personal Project/ojt-system/backend/controllers/coordinator_controller.go:72 [35;1mrecord not found
[0m[33m[0.524ms] [34;1m[rows:0][0m SELECT * FROM "evaluations" WHERE student_id = 2 AND "evaluations"."deleted_at" IS NULL ORDER BY created_at desc,"evaluations"."id" LIMIT 1

2026/05/09 00:32:04 [31;1m/home/jesua/Documents/My Personal Project/ojt-system/backend/controllers/coordinator_controller.go:72 [35;1mrecord not found
[0m[33m[0.209ms] [34;1m[rows:0][0m SELECT * FROM "evaluations" WHERE student_id = 8 AND "evaluations"."deleted_at" IS NULL ORDER BY created_at desc,"evaluations"."id" LIMIT 1
[GIN] 2026/05/09 - 00:32:04 | 200 |    4.635024ms |             ::1 | GET      "/api/coordinator/students"
[GIN] 2026/05/09 - 00:32:06 | 204 |      10.079µs |             ::1 | OPTIONS  "/api/notifications/"
[GIN] 2026/05/09 - 00:32:06 | 200 |    1.055778ms |             ::1 | GET      "/api/notifications/"
[GIN] 2026/05/09 - 00:32:06 | 200 |     556.183µs |             ::1 | GET      "/api/notifications/"
[GIN] 2026/05/09 - 00:32:06 | 204 |       10.72µs |             ::1 | OPTIONS  "/api/departments/"
[GIN] 2026/05/09 - 00:32:06 | 204 |       4.338µs |             ::1 | OPTIONS  "/api/departments/"
[GIN] 2026/05/09 - 00:32:06 | 200 |     566.963µs |             ::1 | GET      "/api/departments/"
[GIN] 2026/05/09 - 00:32:06 | 200 |     375.711µs |             ::1 | GET      "/api/departments/"

2026/05/09 00:32:07 [31;1m/home/jesua/Documents/My Personal Project/ojt-system/backend/controllers/coordinator_controller.go:72 [35;1mrecord not found
[0m[33m[0.097ms] [34;1m[rows:0][0m SELECT * FROM "evaluations" WHERE student_id = 2 AND "evaluations"."deleted_at" IS NULL ORDER BY created_at desc,"evaluations"."id" LIMIT 1

2026/05/09 00:32:07 [31;1m/home/jesua/Documents/My Personal Project/ojt-system/backend/controllers/coordinator_controller.go:72 [35;1mrecord not found
[0m[33m[0.098ms] [34;1m[rows:0][0m SELECT * FROM "evaluations" WHERE student_id = 8 AND "evaluations"."deleted_at" IS NULL ORDER BY created_at desc,"evaluations"."id" LIMIT 1
[GIN] 2026/05/09 - 00:32:07 | 200 |    1.900157ms |             ::1 | GET      "/api/coordinator/students"

2026/05/09 00:32:07 [31;1m/home/jesua/Documents/My Personal Project/ojt-system/backend/controllers/coordinator_controller.go:72 [35;1mrecord not found
[0m[33m[0.092ms] [34;1m[rows:0][0m SELECT * FROM "evaluations" WHERE student_id = 2 AND "evaluations"."deleted_at" IS NULL ORDER BY created_at desc,"evaluations"."id" LIMIT 1

2026/05/09 00:32:07 [31;1m/home/jesua/Documents/My Personal Project/ojt-system/backend/controllers/coordinator_controller.go:72 [35;1mrecord not found
[0m[33m[0.071ms] [34;1m[rows:0][0m SELECT * FROM "evaluations" WHERE student_id = 8 AND "evaluations"."deleted_at" IS NULL ORDER BY created_at desc,"evaluations"."id" LIMIT 1
[GIN] 2026/05/09 - 00:32:07 | 200 |     1.51634ms |             ::1 | GET      "/api/coordinator/students"
[GIN] 2026/05/09 - 00:32:08 | 200 |     514.374µs |             ::1 | GET      "/api/departments/"
[GIN] 2026/05/09 - 00:32:08 | 200 |     408.844µs |             ::1 | GET      "/api/departments/"
[GIN] 2026/05/09 - 00:32:10 | 204 |       21.48µs |             ::1 | OPTIONS  "/api/companies/"
[GIN] 2026/05/09 - 00:32:10 | 204 |           5µs |             ::1 | OPTIONS  "/api/companies/"
[GIN] 2026/05/09 - 00:32:10 | 200 |      898.13µs |             ::1 | GET      "/api/companies/"
[GIN] 2026/05/09 - 00:32:10 | 200 |     420.436µs |             ::1 | GET      "/api/companies/"
[GIN] 2026/05/09 - 00:32:10 | 204 |       8.466µs |             ::1 | OPTIONS  "/api/assignments/"
[GIN] 2026/05/09 - 00:32:10 | 204 |       4.719µs |             ::1 | OPTIONS  "/api/assignments/options"
[GIN] 2026/05/09 - 00:32:10 | 204 |       5.751µs |             ::1 | OPTIONS  "/api/assignments/"
[GIN] 2026/05/09 - 00:32:10 | 204 |       7.163µs |             ::1 | OPTIONS  "/api/assignments/options"
[GIN] 2026/05/09 - 00:32:10 | 200 |    1.032074ms |             ::1 | GET      "/api/assignments/"
[GIN] 2026/05/09 - 00:32:10 | 200 |    1.649302ms |             ::1 | GET      "/api/assignments/options"
[GIN] 2026/05/09 - 00:32:10 | 200 |    1.131241ms |             ::1 | GET      "/api/assignments/"
[GIN] 2026/05/09 - 00:32:10 | 200 |    2.121125ms |             ::1 | GET      "/api/assignments/options"
[GIN] 2026/05/09 - 00:32:11 | 204 |       7.384µs |             ::1 | OPTIONS  "/api/coordinator/documents?status=pending"
[GIN] 2026/05/09 - 00:32:11 | 204 |       4.428µs |             ::1 | OPTIONS  "/api/coordinator/documents?status=pending"
[GIN] 2026/05/09 - 00:32:11 | 200 |     930.882µs |             ::1 | GET      "/api/coordinator/documents?status=pending"
[GIN] 2026/05/09 - 00:32:11 | 200 |     484.267µs |             ::1 | GET      "/api/coordinator/documents?status=pending"
[GIN] 2026/05/09 - 00:32:19 | 204 |       7.093µs |             ::1 | OPTIONS  "/api/auth/login"
[GIN] 2026/05/09 - 00:32:19 | 200 |   68.646291ms |             ::1 | POST     "/api/auth/login"
[GIN] 2026/05/09 - 00:32:19 | 204 |      10.359µs |             ::1 | OPTIONS  "/api/supervisor/students"
[GIN] 2026/05/09 - 00:32:19 | 204 |       5.711µs |             ::1 | OPTIONS  "/api/notifications/"
[GIN] 2026/05/09 - 00:32:19 | 204 |       7.594µs |             ::1 | OPTIONS  "/api/supervisor/students"
[GIN] 2026/05/09 - 00:32:19 | 204 |       6.462µs |             ::1 | OPTIONS  "/api/supervisor/activity"
[GIN] 2026/05/09 - 00:32:19 | 204 |       8.917µs |             ::1 | OPTIONS  "/api/supervisor/notifications"
[GIN] 2026/05/09 - 00:32:19 | 204 |       4.469µs |             ::1 | OPTIONS  "/api/supervisor/students"
[GIN] 2026/05/09 - 00:32:19 | 204 |       8.035µs |             ::1 | OPTIONS  "/api/notifications/"
[GIN] 2026/05/09 - 00:32:19 | 204 |       6.352µs |             ::1 | OPTIONS  "/api/supervisor/students"
[GIN] 2026/05/09 - 00:32:19 | 204 |      11.322µs |             ::1 | OPTIONS  "/api/supervisor/activity"
[GIN] 2026/05/09 - 00:32:19 | 204 |       6.121µs |             ::1 | OPTIONS  "/api/supervisor/notifications"
[GIN] 2026/05/09 - 00:32:19 | 200 |    1.754471ms |             ::1 | GET      "/api/supervisor/activity"
[GIN] 2026/05/09 - 00:32:19 | 200 |    2.835447ms |             ::1 | GET      "/api/supervisor/students"
[GIN] 2026/05/09 - 00:32:19 | 200 |    6.908606ms |             ::1 | GET      "/api/notifications/"
[GIN] 2026/05/09 - 00:32:19 | 200 |    7.667463ms |             ::1 | GET      "/api/supervisor/notifications"
[GIN] 2026/05/09 - 00:32:19 | 200 |     573.325µs |             ::1 | GET      "/api/notifications/"
[GIN] 2026/05/09 - 00:32:19 | 200 |    2.720028ms |             ::1 | GET      "/api/supervisor/students"
[GIN] 2026/05/09 - 00:32:19 | 200 |    1.971672ms |             ::1 | GET      "/api/supervisor/students"
[GIN] 2026/05/09 - 00:32:19 | 200 |    7.590728ms |             ::1 | GET      "/api/supervisor/notifications"
[GIN] 2026/05/09 - 00:32:19 | 200 |    8.133475ms |             ::1 | GET      "/api/supervisor/activity"
[GIN] 2026/05/09 - 00:32:19 | 200 |    1.502143ms |             ::1 | GET      "/api/supervisor/students"
[GIN] 2026/05/09 - 00:32:23 | 200 |    2.754413ms |             ::1 | GET      "/api/supervisor/students"
[GIN] 2026/05/09 - 00:32:23 | 200 |     984.453µs |             ::1 | GET      "/api/supervisor/students"
[GIN] 2026/05/09 - 00:32:23 | 204 |       6.753µs |             ::1 | OPTIONS  "/api/timelogs/2"
[GIN] 2026/05/09 - 00:32:23 | 200 |     759.667µs |             ::1 | GET      "/api/timelogs/2"
[GIN] 2026/05/09 - 00:32:23 | 200 |    2.246582ms |             ::1 | GET      "/api/supervisor/students"
[GIN] 2026/05/09 - 00:32:23 | 200 |     2.48853ms |             ::1 | GET      "/api/timelogs/2"
[GIN] 2026/05/09 - 00:32:23 | 304 |      72.447µs |             ::1 | GET      "/uploads/ojt-system/timelogs/clockin_2_1778257797"
[GIN] 2026/05/09 - 00:32:23 | 304 |      84.971µs |             ::1 | GET      "/uploads/ojt-system/timelogs/clockin_2_1778257844"
[GIN] 2026/05/09 - 00:32:23 | 304 |      116.19µs |             ::1 | GET      "/uploads/ojt-system/timelogs/clockout_2_1778257867"
[GIN] 2026/05/09 - 00:32:23 | 304 |      51.117µs |             ::1 | GET      "/uploads/ojt-system/timelogs/clockout_2_1778257832"
[GIN] 2026/05/09 - 00:32:36 | 204 |       8.866µs |             ::1 | OPTIONS  "/api/notifications/"
[GIN] 2026/05/09 - 00:32:36 | 200 |     984.994µs |             ::1 | GET      "/api/notifications/"
[GIN] 2026/05/09 - 00:32:36 | 200 |     519.693µs |             ::1 | GET      "/api/notifications/"
[GIN] 2026/05/09 - 00:32:49 | 204 |       7.615µs |             ::1 | OPTIONS  "/api/notifications/"
[GIN] 2026/05/09 - 00:32:49 | 200 |     501.339µs |             ::1 | GET      "/api/notifications/"
[GIN] 2026/05/09 - 00:33:06 | 204 |       9.618µs |             ::1 | OPTIONS  "/api/notifications/"
[GIN] 2026/05/09 - 00:33:06 | 200 |     652.114µs |             ::1 | GET      "/api/notifications/"
[GIN] 2026/05/09 - 00:33:06 | 200 |     613.732µs |             ::1 | GET      "/api/notifications/"
[GIN] 2026/05/09 - 00:33:19 | 204 |       6.442µs |             ::1 | OPTIONS  "/api/notifications/"
[GIN] 2026/05/09 - 00:33:19 | 200 |     728.689µs |             ::1 | GET      "/api/notifications/"
[GIN] 2026/05/09 - 00:33:36 | 204 |       9.498µs |             ::1 | OPTIONS  "/api/notifications/"
[GIN] 2026/05/09 - 00:33:36 | 200 |     559.579µs |             ::1 | GET      "/api/notifications/"
[GIN] 2026/05/09 - 00:33:36 | 200 |     456.364µs |             ::1 | GET      "/api/notifications/"
