2026/05/09 00:02:14 ✅ Database connected successfully
2026/05/09 00:02:14 Database migrated successfully
2026/05/09 00:02:14 ⚠️  Cloudinary not configured: cloudinary credentials not set or still using placeholders
2026/05/09 00:02:14    Avatar uploads will fail until CLOUDINARY_* env vars are set.
[GIN-debug] [WARNING] Creating an Engine instance with the Logger and Recovery middleware already attached.

[GIN-debug] [WARNING] Running in "debug" mode. Switch to "release" mode in production.
 - using env:	export GIN_MODE=release
 - using code:	gin.SetMode(gin.ReleaseMode)

2026/05/09 00:02:14 ⚙️  Setting up CORS...
[GIN-debug] GET    /                         --> main.main.func1 (5 handlers)
[GIN-debug] GET    /uploads/*filepath        --> github.com/gin-gonic/gin.(*RouterGroup).createStaticHandler.func1 (5 handlers)
[GIN-debug] HEAD   /uploads/*filepath        --> github.com/gin-gonic/gin.(*RouterGroup).createStaticHandler.func1 (5 handlers)
2026/05/09 00:02:14 🛣️  Registering routes...
[GIN-debug] GET    /api/health               --> ojt-system/routes.RegisterRoutes.func1 (5 handlers)
[GIN-debug] POST   /api/auth/register        --> ojt-system/controllers.Register (5 handlers)
[GIN-debug] POST   /api/auth/login           --> ojt-system/controllers.Login (5 handlers)
[GIN-debug] POST   /api/auth/change-password --> ojt-system/controllers.ChangePassword (6 handlers)
[GIN-debug] GET    /api/me                   --> ojt-system/controllers.GetMe (6 handlers)
[GIN-debug] PUT    /api/me                   --> ojt-system/controllers.UpdateProfile (6 handlers)
[GIN-debug] POST   /api/me/avatar            --> ojt-system/controllers.UploadAvatar (6 handlers)
[GIN-debug] POST   /api/timelogs/            --> ojt-system/controllers.CreateTimeLog (6 handlers)
[GIN-debug] POST   /api/timelogs/clockin     --> ojt-system/controllers.ClockIn (6 handlers)
[GIN-debug] PATCH  /api/timelogs/clockout    --> ojt-system/controllers.ClockOut (6 handlers)
[GIN-debug] GET    /api/timelogs/            --> ojt-system/controllers.GetMyTimeLogs (6 handlers)
[GIN-debug] GET    /api/timelogs/:student_id --> ojt-system/controllers.GetStudentTimeLogs (7 handlers)
[GIN-debug] GET    /api/timelogs/:student_id/summary --> ojt-system/controllers.GetStudentSummary (7 handlers)
[GIN-debug] PATCH  /api/timelogs/:id/approve --> ojt-system/controllers.ApproveTimeLog (7 handlers)
[GIN-debug] PATCH  /api/timelogs/:id/reject  --> ojt-system/controllers.RejectTimeLog (7 handlers)
[GIN-debug] POST   /api/evaluations/         --> ojt-system/controllers.CreateEvaluation (7 handlers)
[GIN-debug] GET    /api/evaluations/me       --> ojt-system/controllers.GetMyEvaluations (6 handlers)
[GIN-debug] GET    /api/evaluations/:student_id --> ojt-system/controllers.GetStudentEvaluations (7 handlers)
[GIN-debug] GET    /api/evaluations/:student_id/latest --> ojt-system/controllers.GetLatestEvaluation (7 handlers)
[GIN-debug] GET    /api/reports/:student_id/pdf --> ojt-system/controllers.GenerateStudentReport (7 handlers)
[GIN-debug] POST   /api/documents            --> ojt-system/controllers.UploadDocument (6 handlers)
[GIN-debug] GET    /api/documents            --> ojt-system/controllers.GetMyDocuments (6 handlers)
[GIN-debug] GET    /api/notifications/       --> ojt-system/controllers.GetMyNotifications (6 handlers)
[GIN-debug] PATCH  /api/notifications/:id/read --> ojt-system/controllers.MarkNotificationRead (6 handlers)
[GIN-debug] PATCH  /api/notifications/read-all --> ojt-system/controllers.MarkAllNotificationsReadGlobal (6 handlers)
[GIN-debug] GET    /api/supervisor/students  --> ojt-system/controllers.GetSupervisorStudents (7 handlers)
[GIN-debug] GET    /api/supervisor/notifications --> ojt-system/controllers.GetSupervisorNotifications (7 handlers)
[GIN-debug] PATCH  /api/supervisor/notifications/read-all --> ojt-system/controllers.MarkAllNotificationsRead (7 handlers)
[GIN-debug] GET    /api/supervisor/activity  --> ojt-system/controllers.GetSupervisorActivity (7 handlers)
[GIN-debug] GET    /api/coordinator/students --> ojt-system/controllers.GetCoordinatorStudents (7 handlers)
[GIN-debug] GET    /api/coordinator/stats    --> ojt-system/controllers.GetCoordinatorStats (7 handlers)
[GIN-debug] GET    /api/coordinator/users/pending --> ojt-system/controllers.GetPendingUsers (7 handlers)
[GIN-debug] PATCH  /api/coordinator/users/:id/approve --> ojt-system/controllers.ApproveUser (7 handlers)
[GIN-debug] PATCH  /api/coordinator/users/:id/reject --> ojt-system/controllers.RejectUser (7 handlers)
[GIN-debug] GET    /api/coordinator/documents --> ojt-system/controllers.GetAllDocuments (7 handlers)
[GIN-debug] PATCH  /api/coordinator/documents/:id/approve --> ojt-system/controllers.ApproveDocument (7 handlers)
[GIN-debug] PATCH  /api/coordinator/documents/:id/reject --> ojt-system/controllers.RejectDocument (7 handlers)
[GIN-debug] GET    /api/faculty/students     --> ojt-system/controllers.GetCoordinatorStudents (7 handlers)
[GIN-debug] GET    /api/faculty/stats        --> ojt-system/controllers.GetCoordinatorStats (7 handlers)
[GIN-debug] GET    /api/assignments/         --> ojt-system/controllers.GetAssignments (7 handlers)
[GIN-debug] GET    /api/assignments/options  --> ojt-system/controllers.GetAssignmentOptions (7 handlers)
[GIN-debug] POST   /api/assignments/         --> ojt-system/controllers.CreateAssignment (7 handlers)
[GIN-debug] PATCH  /api/assignments/:id      --> ojt-system/controllers.UpdateAssignment (7 handlers)
[GIN-debug] DELETE /api/assignments/:id      --> ojt-system/controllers.DeleteAssignment (7 handlers)
[GIN-debug] GET    /api/companies/           --> ojt-system/controllers.GetCompanies (7 handlers)
[GIN-debug] POST   /api/companies/           --> ojt-system/controllers.CreateCompany (7 handlers)
[GIN-debug] PATCH  /api/companies/:id        --> ojt-system/controllers.UpdateCompany (7 handlers)
[GIN-debug] DELETE /api/companies/:id        --> ojt-system/controllers.DeleteCompany (7 handlers)
[GIN-debug] GET    /api/departments/         --> ojt-system/controllers.GetDepartments (6 handlers)
[GIN-debug] GET    /api/departments/:id/members --> ojt-system/controllers.GetDepartmentMembers (7 handlers)
[GIN-debug] POST   /api/departments/         --> ojt-system/controllers.CreateDepartment (7 handlers)
[GIN-debug] PATCH  /api/departments/:id      --> ojt-system/controllers.UpdateDepartment (7 handlers)
[GIN-debug] POST   /api/departments/:id/image --> ojt-system/controllers.UploadDepartmentImage (7 handlers)
[GIN-debug] DELETE /api/departments/:id      --> ojt-system/controllers.DeleteDepartment (7 handlers)
2026/05/09 00:02:14 🚀 Server is attempting to start on port 8080...
[GIN-debug] [WARNING] You trusted all proxies, this is NOT safe. We recommend you to set a value.
Please check https://pkg.go.dev/github.com/gin-gonic/gin#readme-don-t-trust-all-proxies for details.
[GIN-debug] Listening and serving HTTP on :8080
[GIN] 2026/05/09 - 00:02:25 | 204 |      35.998µs |             ::1 | OPTIONS  "/api/notifications/"
[GIN] 2026/05/09 - 00:02:25 | 200 |    1.507448ms |             ::1 | GET      "/api/notifications/"
[GIN] 2026/05/09 - 00:02:29 | 200 |     747.312µs |             ::1 | GET      "/api/notifications/"
[GIN] 2026/05/09 - 00:02:43 | 204 |      35.317µs |             ::1 | OPTIONS  "/api/notifications/"
[GIN] 2026/05/09 - 00:02:43 | 200 |     819.378µs |             ::1 | GET      "/api/notifications/"
[GIN] 2026/05/09 - 00:02:55 | 204 |      11.812µs |             ::1 | OPTIONS  "/api/me"
[GIN] 2026/05/09 - 00:02:55 | 204 |      28.925µs |             ::1 | OPTIONS  "/api/me"
[GIN] 2026/05/09 - 00:02:55 | 200 |    1.608538ms |             ::1 | GET      "/api/me"
[GIN] 2026/05/09 - 00:02:55 | 200 |     690.364µs |             ::1 | GET      "/api/me"
[GIN] 2026/05/09 - 00:02:55 | 204 |       8.096µs |             ::1 | OPTIONS  "/api/coordinator/users/pending"
[GIN] 2026/05/09 - 00:02:55 | 204 |       8.937µs |             ::1 | OPTIONS  "/api/notifications/"
[GIN] 2026/05/09 - 00:02:55 | 204 |      11.472µs |             ::1 | OPTIONS  "/api/coordinator/students"
[GIN] 2026/05/09 - 00:02:55 | 204 |      36.078µs |             ::1 | OPTIONS  "/api/coordinator/users/pending"
[GIN] 2026/05/09 - 00:02:55 | 200 |    1.376901ms |             ::1 | GET      "/api/notifications/"
[GIN] 2026/05/09 - 00:02:55 | 204 |      22.172µs |             ::1 | OPTIONS  "/api/notifications/"
[GIN] 2026/05/09 - 00:02:55 | 204 |      17.834µs |             ::1 | OPTIONS  "/api/coordinator/students"
[GIN] 2026/05/09 - 00:02:55 | 200 |     812.304µs |             ::1 | GET      "/api/coordinator/users/pending"
[GIN] 2026/05/09 - 00:02:55 | 200 |    7.547116ms |             ::1 | GET      "/api/coordinator/users/pending"
[GIN] 2026/05/09 - 00:02:55 | 200 |    8.505997ms |             ::1 | GET      "/api/notifications/"

2026/05/09 00:02:55 [31;1m/home/jesua/Documents/My Personal Project/ojt-system/backend/controllers/coordinator_controller.go:72 [35;1mrecord not found
[0m[33m[1.353ms] [34;1m[rows:0][0m SELECT * FROM "evaluations" WHERE student_id = 2 AND "evaluations"."deleted_at" IS NULL ORDER BY created_at desc,"evaluations"."id" LIMIT 1

2026/05/09 00:02:55 [31;1m/home/jesua/Documents/My Personal Project/ojt-system/backend/controllers/coordinator_controller.go:72 [35;1mrecord not found
[0m[33m[0.246ms] [34;1m[rows:0][0m SELECT * FROM "evaluations" WHERE student_id = 8 AND "evaluations"."deleted_at" IS NULL ORDER BY created_at desc,"evaluations"."id" LIMIT 1
[GIN] 2026/05/09 - 00:02:55 | 200 |   19.379987ms |             ::1 | GET      "/api/coordinator/students"

2026/05/09 00:02:55 [31;1m/home/jesua/Documents/My Personal Project/ojt-system/backend/controllers/coordinator_controller.go:72 [35;1mrecord not found
[0m[33m[0.646ms] [34;1m[rows:0][0m SELECT * FROM "evaluations" WHERE student_id = 2 AND "evaluations"."deleted_at" IS NULL ORDER BY created_at desc,"evaluations"."id" LIMIT 1

2026/05/09 00:02:55 [31;1m/home/jesua/Documents/My Personal Project/ojt-system/backend/controllers/coordinator_controller.go:72 [35;1mrecord not found
[0m[33m[0.274ms] [34;1m[rows:0][0m SELECT * FROM "evaluations" WHERE student_id = 8 AND "evaluations"."deleted_at" IS NULL ORDER BY created_at desc,"evaluations"."id" LIMIT 1
[GIN] 2026/05/09 - 00:02:55 | 200 |    8.540181ms |             ::1 | GET      "/api/coordinator/students"
[GIN] 2026/05/09 - 00:02:59 | 200 |     921.751µs |             ::1 | GET      "/api/notifications/"
[GIN] 2026/05/09 - 00:03:01 | 204 |       10.59µs |             ::1 | OPTIONS  "/api/me"
[GIN] 2026/05/09 - 00:03:01 | 204 |        5.29µs |             ::1 | OPTIONS  "/api/me"
[GIN] 2026/05/09 - 00:03:01 | 200 |    1.159209ms |             ::1 | GET      "/api/me"
[GIN] 2026/05/09 - 00:03:01 | 200 |     700.573µs |             ::1 | GET      "/api/me"
[GIN] 2026/05/09 - 00:03:01 | 204 |        10.5µs |             ::1 | OPTIONS  "/api/coordinator/users/pending"
[GIN] 2026/05/09 - 00:03:01 | 204 |       9.458µs |             ::1 | OPTIONS  "/api/notifications/"
[GIN] 2026/05/09 - 00:03:01 | 204 |       4.709µs |             ::1 | OPTIONS  "/api/assignments/"
[GIN] 2026/05/09 - 00:03:01 | 204 |       3.717µs |             ::1 | OPTIONS  "/api/assignments/options"
[GIN] 2026/05/09 - 00:03:01 | 204 |       6.262µs |             ::1 | OPTIONS  "/api/coordinator/users/pending"
[GIN] 2026/05/09 - 00:03:01 | 204 |      17.182µs |             ::1 | OPTIONS  "/api/notifications/"
[GIN] 2026/05/09 - 00:03:01 | 200 |    1.160983ms |             ::1 | GET      "/api/coordinator/users/pending"
[GIN] 2026/05/09 - 00:03:01 | 204 |      10.089µs |             ::1 | OPTIONS  "/api/assignments/options"
[GIN] 2026/05/09 - 00:03:01 | 204 |       8.236µs |             ::1 | OPTIONS  "/api/assignments/"
[GIN] 2026/05/09 - 00:03:01 | 200 |    9.251345ms |             ::1 | GET      "/api/assignments/options"
[GIN] 2026/05/09 - 00:03:01 | 200 |   10.145514ms |             ::1 | GET      "/api/notifications/"
[GIN] 2026/05/09 - 00:03:01 | 200 |    9.014899ms |             ::1 | GET      "/api/coordinator/users/pending"
[GIN] 2026/05/09 - 00:03:01 | 200 |   17.336627ms |             ::1 | GET      "/api/assignments/"
[GIN] 2026/05/09 - 00:03:01 | 200 |    7.159663ms |             ::1 | GET      "/api/assignments/options"
[GIN] 2026/05/09 - 00:03:01 | 200 |     9.88373ms |             ::1 | GET      "/api/notifications/"
[GIN] 2026/05/09 - 00:03:01 | 200 |   11.693368ms |             ::1 | GET      "/api/assignments/"
[GIN] 2026/05/09 - 00:03:07 | 204 |       10.51µs |             ::1 | OPTIONS  "/api/me"
[GIN] 2026/05/09 - 00:03:07 | 200 |     1.53013ms |             ::1 | GET      "/api/me"
[GIN] 2026/05/09 - 00:03:07 | 200 |     584.054µs |             ::1 | GET      "/api/me"
[GIN] 2026/05/09 - 00:03:07 | 204 |       8.306µs |             ::1 | OPTIONS  "/api/coordinator/users/pending"
[GIN] 2026/05/09 - 00:03:07 | 204 |       5.831µs |             ::1 | OPTIONS  "/api/notifications/"
[GIN] 2026/05/09 - 00:03:07 | 204 |       8.716µs |             ::1 | OPTIONS  "/api/notifications/"
[GIN] 2026/05/09 - 00:03:07 | 204 |       8.716µs |             ::1 | OPTIONS  "/api/departments/"
[GIN] 2026/05/09 - 00:03:07 | 204 |       8.626µs |             ::1 | OPTIONS  "/api/departments/"
[GIN] 2026/05/09 - 00:03:07 | 200 |     920.489µs |             ::1 | GET      "/api/coordinator/users/pending"
[GIN] 2026/05/09 - 00:03:07 | 200 |    1.128001ms |             ::1 | GET      "/api/notifications/"
[GIN] 2026/05/09 - 00:03:07 | 200 |    1.422357ms |             ::1 | GET      "/api/departments/"
[GIN] 2026/05/09 - 00:03:07 | 200 |    1.449047ms |             ::1 | GET      "/api/coordinator/users/pending"
[GIN] 2026/05/09 - 00:03:07 | 200 |     473.544µs |             ::1 | GET      "/api/departments/"
[GIN] 2026/05/09 - 00:03:07 | 200 |    1.071935ms |             ::1 | GET      "/api/notifications/"
[GIN] 2026/05/09 - 00:03:08 | 200 |   32.061091ms |             ::1 | GET      "/uploads/ojt-system/departments/dept_1_1778250316.png"
[GIN] 2026/05/09 - 00:03:08 | 200 |   46.120408ms |             ::1 | GET      "/uploads/ojt-system/departments/dept_2_1778250272.png"
[GIN] 2026/05/09 - 00:03:12 | 200 |    1.062747ms |             ::1 | GET      "/api/me"
[GIN] 2026/05/09 - 00:03:12 | 200 |     909.939µs |             ::1 | GET      "/api/me"
[GIN] 2026/05/09 - 00:03:12 | 200 |     914.928µs |             ::1 | GET      "/api/coordinator/users/pending"
[GIN] 2026/05/09 - 00:03:12 | 200 |    1.459127ms |             ::1 | GET      "/api/notifications/"
[GIN] 2026/05/09 - 00:03:12 | 204 |       8.196µs |             ::1 | OPTIONS  "/api/assignments/"
[GIN] 2026/05/09 - 00:03:12 | 204 |       8.977µs |             ::1 | OPTIONS  "/api/assignments/options"
[GIN] 2026/05/09 - 00:03:12 | 204 |      10.851µs |             ::1 | OPTIONS  "/api/assignments/options"
[GIN] 2026/05/09 - 00:03:12 | 200 |    1.039794ms |             ::1 | GET      "/api/coordinator/users/pending"
[GIN] 2026/05/09 - 00:03:12 | 204 |         5.1µs |             ::1 | OPTIONS  "/api/assignments/"
[GIN] 2026/05/09 - 00:03:12 | 200 |    1.889339ms |             ::1 | GET      "/api/assignments/options"
[GIN] 2026/05/09 - 00:03:12 | 200 |    2.206017ms |             ::1 | GET      "/api/assignments/"
[GIN] 2026/05/09 - 00:03:12 | 200 |     972.437µs |             ::1 | GET      "/api/assignments/options"
[GIN] 2026/05/09 - 00:03:12 | 200 |    1.261974ms |             ::1 | GET      "/api/assignments/"
[GIN] 2026/05/09 - 00:03:12 | 200 |    8.357276ms |             ::1 | GET      "/api/notifications/"
[GIN] 2026/05/09 - 00:03:13 | 204 |       8.406µs |             ::1 | OPTIONS  "/api/notifications/"
[GIN] 2026/05/09 - 00:03:13 | 200 |    1.591106ms |             ::1 | GET      "/api/notifications/"
[GIN] 2026/05/09 - 00:03:29 | 204 |       6.422µs |             ::1 | OPTIONS  "/api/notifications/"
[GIN] 2026/05/09 - 00:03:29 | 200 |     793.679µs |             ::1 | GET      "/api/notifications/"
[GIN] 2026/05/09 - 00:03:42 | 204 |       8.206µs |             ::1 | OPTIONS  "/api/notifications/"
[GIN] 2026/05/09 - 00:03:42 | 200 |    1.006121ms |             ::1 | GET      "/api/notifications/"
[GIN] 2026/05/09 - 00:03:43 | 204 |       6.903µs |             ::1 | OPTIONS  "/api/notifications/"
[GIN] 2026/05/09 - 00:03:43 | 200 |     517.728µs |             ::1 | GET      "/api/notifications/"
[GIN] 2026/05/09 - 00:03:59 | 204 |        10.7µs |             ::1 | OPTIONS  "/api/notifications/"
[GIN] 2026/05/09 - 00:03:59 | 200 |     519.241µs |             ::1 | GET      "/api/notifications/"
[GIN] 2026/05/09 - 00:04:12 | 204 |       9.257µs |             ::1 | OPTIONS  "/api/notifications/"
[GIN] 2026/05/09 - 00:04:12 | 200 |     618.158µs |             ::1 | GET      "/api/notifications/"
[GIN] 2026/05/09 - 00:04:13 | 204 |       7.324µs |             ::1 | OPTIONS  "/api/notifications/"
[GIN] 2026/05/09 - 00:04:13 | 200 |     458.005µs |             ::1 | GET      "/api/notifications/"
[GIN] 2026/05/09 - 00:04:17 | 204 |       9.648µs |             ::1 | OPTIONS  "/api/coordinator/students"

2026/05/09 00:04:17 [31;1m/home/jesua/Documents/My Personal Project/ojt-system/backend/controllers/coordinator_controller.go:72 [35;1mrecord not found
[0m[33m[0.502ms] [34;1m[rows:0][0m SELECT * FROM "evaluations" WHERE student_id = 2 AND "evaluations"."deleted_at" IS NULL ORDER BY created_at desc,"evaluations"."id" LIMIT 1

2026/05/09 00:04:17 [31;1m/home/jesua/Documents/My Personal Project/ojt-system/backend/controllers/coordinator_controller.go:72 [35;1mrecord not found
[0m[33m[0.164ms] [34;1m[rows:0][0m SELECT * FROM "evaluations" WHERE student_id = 8 AND "evaluations"."deleted_at" IS NULL ORDER BY created_at desc,"evaluations"."id" LIMIT 1
[GIN] 2026/05/09 - 00:04:17 | 200 |     4.24018ms |             ::1 | GET      "/api/coordinator/students"

2026/05/09 00:04:17 [31;1m/home/jesua/Documents/My Personal Project/ojt-system/backend/controllers/coordinator_controller.go:72 [35;1mrecord not found
[0m[33m[0.522ms] [34;1m[rows:0][0m SELECT * FROM "evaluations" WHERE student_id = 2 AND "evaluations"."deleted_at" IS NULL ORDER BY created_at desc,"evaluations"."id" LIMIT 1

2026/05/09 00:04:17 [31;1m/home/jesua/Documents/My Personal Project/ojt-system/backend/controllers/coordinator_controller.go:72 [35;1mrecord not found
[0m[33m[0.218ms] [34;1m[rows:0][0m SELECT * FROM "evaluations" WHERE student_id = 8 AND "evaluations"."deleted_at" IS NULL ORDER BY created_at desc,"evaluations"."id" LIMIT 1
[GIN] 2026/05/09 - 00:04:17 | 200 |    4.578318ms |             ::1 | GET      "/api/coordinator/students"

2026/05/09 00:04:18 [31;1m/home/jesua/Documents/My Personal Project/ojt-system/backend/controllers/coordinator_controller.go:72 [35;1mrecord not found
[0m[33m[0.230ms] [34;1m[rows:0][0m SELECT * FROM "evaluations" WHERE student_id = 2 AND "evaluations"."deleted_at" IS NULL ORDER BY created_at desc,"evaluations"."id" LIMIT 1

2026/05/09 00:04:18 [31;1m/home/jesua/Documents/My Personal Project/ojt-system/backend/controllers/coordinator_controller.go:72 [35;1mrecord not found
[0m[33m[0.212ms] [34;1m[rows:0][0m SELECT * FROM "evaluations" WHERE student_id = 8 AND "evaluations"."deleted_at" IS NULL ORDER BY created_at desc,"evaluations"."id" LIMIT 1
[GIN] 2026/05/09 - 00:04:18 | 200 |    2.956675ms |             ::1 | GET      "/api/coordinator/students"

2026/05/09 00:04:18 [31;1m/home/jesua/Documents/My Personal Project/ojt-system/backend/controllers/coordinator_controller.go:72 [35;1mrecord not found
[0m[33m[0.754ms] [34;1m[rows:0][0m SELECT * FROM "evaluations" WHERE student_id = 2 AND "evaluations"."deleted_at" IS NULL ORDER BY created_at desc,"evaluations"."id" LIMIT 1

2026/05/09 00:04:18 [31;1m/home/jesua/Documents/My Personal Project/ojt-system/backend/controllers/coordinator_controller.go:72 [35;1mrecord not found
[0m[33m[0.145ms] [34;1m[rows:0][0m SELECT * FROM "evaluations" WHERE student_id = 8 AND "evaluations"."deleted_at" IS NULL ORDER BY created_at desc,"evaluations"."id" LIMIT 1
[GIN] 2026/05/09 - 00:04:18 | 200 |    3.839122ms |             ::1 | GET      "/api/coordinator/students"
[GIN] 2026/05/09 - 00:04:21 | 204 |      10.319µs |             ::1 | OPTIONS  "/api/me"
[GIN] 2026/05/09 - 00:04:21 | 204 |       5.721µs |             ::1 | OPTIONS  "/api/me"
[GIN] 2026/05/09 - 00:04:21 | 200 |     779.252µs |             ::1 | GET      "/api/me"
[GIN] 2026/05/09 - 00:04:21 | 200 |    1.137629ms |             ::1 | GET      "/api/me"
[GIN] 2026/05/09 - 00:04:21 | 204 |       7.004µs |             ::1 | OPTIONS  "/api/coordinator/users/pending"
[GIN] 2026/05/09 - 00:04:21 | 204 |       6.301µs |             ::1 | OPTIONS  "/api/notifications/"
[GIN] 2026/05/09 - 00:04:21 | 204 |       6.823µs |             ::1 | OPTIONS  "/api/coordinator/users/pending"
[GIN] 2026/05/09 - 00:04:21 | 204 |       7.324µs |             ::1 | OPTIONS  "/api/notifications/"

2026/05/09 00:04:21 [31;1m/home/jesua/Documents/My Personal Project/ojt-system/backend/controllers/coordinator_controller.go:72 [35;1mrecord not found
[0m[33m[0.204ms] [34;1m[rows:0][0m SELECT * FROM "evaluations" WHERE student_id = 2 AND "evaluations"."deleted_at" IS NULL ORDER BY created_at desc,"evaluations"."id" LIMIT 1

2026/05/09 00:04:21 [31;1m/home/jesua/Documents/My Personal Project/ojt-system/backend/controllers/coordinator_controller.go:72 [35;1mrecord not found
[0m[33m[0.194ms] [34;1m[rows:0][0m SELECT * FROM "evaluations" WHERE student_id = 8 AND "evaluations"."deleted_at" IS NULL ORDER BY created_at desc,"evaluations"."id" LIMIT 1
[GIN] 2026/05/09 - 00:04:21 | 200 |    3.705299ms |             ::1 | GET      "/api/coordinator/students"
[GIN] 2026/05/09 - 00:04:21 | 200 |    1.263036ms |             ::1 | GET      "/api/coordinator/users/pending"
[GIN] 2026/05/09 - 00:04:21 | 200 |    1.142147ms |             ::1 | GET      "/api/notifications/"
[GIN] 2026/05/09 - 00:04:21 | 200 |     892.155µs |             ::1 | GET      "/api/coordinator/users/pending"
[GIN] 2026/05/09 - 00:04:21 | 200 |     1.18031ms |             ::1 | GET      "/api/notifications/"

2026/05/09 00:04:21 [31;1m/home/jesua/Documents/My Personal Project/ojt-system/backend/controllers/coordinator_controller.go:72 [35;1mrecord not found
[0m[33m[0.300ms] [34;1m[rows:0][0m SELECT * FROM "evaluations" WHERE student_id = 2 AND "evaluations"."deleted_at" IS NULL ORDER BY created_at desc,"evaluations"."id" LIMIT 1

2026/05/09 00:04:21 [31;1m/home/jesua/Documents/My Personal Project/ojt-system/backend/controllers/coordinator_controller.go:72 [35;1mrecord not found
[0m[33m[0.271ms] [34;1m[rows:0][0m SELECT * FROM "evaluations" WHERE student_id = 8 AND "evaluations"."deleted_at" IS NULL ORDER BY created_at desc,"evaluations"."id" LIMIT 1
[GIN] 2026/05/09 - 00:04:21 | 200 |   12.272352ms |             ::1 | GET      "/api/coordinator/students"
[GIN] 2026/05/09 - 00:04:26 | 204 |       9.688µs |             ::1 | OPTIONS  "/api/coordinator/students"
[GIN] 2026/05/09 - 00:04:26 | 204 |       5.881µs |             ::1 | OPTIONS  "/api/coordinator/students"

2026/05/09 00:04:26 [31;1m/home/jesua/Documents/My Personal Project/ojt-system/backend/controllers/coordinator_controller.go:72 [35;1mrecord not found
[0m[33m[0.135ms] [34;1m[rows:0][0m SELECT * FROM "evaluations" WHERE student_id = 2 AND "evaluations"."deleted_at" IS NULL ORDER BY created_at desc,"evaluations"."id" LIMIT 1

2026/05/09 00:04:26 [31;1m/home/jesua/Documents/My Personal Project/ojt-system/backend/controllers/coordinator_controller.go:72 [35;1mrecord not found
[0m[33m[0.094ms] [34;1m[rows:0][0m SELECT * FROM "evaluations" WHERE student_id = 8 AND "evaluations"."deleted_at" IS NULL ORDER BY created_at desc,"evaluations"."id" LIMIT 1
[GIN] 2026/05/09 - 00:04:26 | 200 |    3.283673ms |             ::1 | GET      "/api/coordinator/students"

2026/05/09 00:04:26 [31;1m/home/jesua/Documents/My Personal Project/ojt-system/backend/controllers/coordinator_controller.go:72 [35;1mrecord not found
[0m[33m[0.156ms] [34;1m[rows:0][0m SELECT * FROM "evaluations" WHERE student_id = 2 AND "evaluations"."deleted_at" IS NULL ORDER BY created_at desc,"evaluations"."id" LIMIT 1

2026/05/09 00:04:26 [31;1m/home/jesua/Documents/My Personal Project/ojt-system/backend/controllers/coordinator_controller.go:72 [35;1mrecord not found
[0m[33m[0.130ms] [34;1m[rows:0][0m SELECT * FROM "evaluations" WHERE student_id = 8 AND "evaluations"."deleted_at" IS NULL ORDER BY created_at desc,"evaluations"."id" LIMIT 1
[GIN] 2026/05/09 - 00:04:26 | 200 |    3.462641ms |             ::1 | GET      "/api/coordinator/students"
[GIN] 2026/05/09 - 00:04:29 | 204 |       7.163µs |             ::1 | OPTIONS  "/api/notifications/"
[GIN] 2026/05/09 - 00:04:29 | 200 |     789.812µs |             ::1 | GET      "/api/notifications/"
[GIN] 2026/05/09 - 00:04:43 | 204 |       10.55µs |             ::1 | OPTIONS  "/api/notifications/"
[GIN] 2026/05/09 - 00:04:43 | 200 |     607.548µs |             ::1 | GET      "/api/notifications/"
[GIN] 2026/05/09 - 00:04:44 | 204 |      16.581µs |             ::1 | OPTIONS  "/api/me"
[GIN] 2026/05/09 - 00:04:44 | 204 |       8.025µs |             ::1 | OPTIONS  "/api/me"
[GIN] 2026/05/09 - 00:04:44 | 200 |    1.341354ms |             ::1 | GET      "/api/me"
[GIN] 2026/05/09 - 00:04:44 | 200 |     636.944µs |             ::1 | GET      "/api/me"
[GIN] 2026/05/09 - 00:04:44 | 204 |       10.61µs |             ::1 | OPTIONS  "/api/coordinator/users/pending"
[GIN] 2026/05/09 - 00:04:44 | 204 |       7.303µs |             ::1 | OPTIONS  "/api/notifications/"
[GIN] 2026/05/09 - 00:04:44 | 204 |       8.446µs |             ::1 | OPTIONS  "/api/coordinator/students"
[GIN] 2026/05/09 - 00:04:44 | 204 |       7.394µs |             ::1 | OPTIONS  "/api/coordinator/users/pending"
[GIN] 2026/05/09 - 00:04:44 | 204 |       8.035µs |             ::1 | OPTIONS  "/api/notifications/"
[GIN] 2026/05/09 - 00:04:44 | 204 |       6.132µs |             ::1 | OPTIONS  "/api/coordinator/students"
[GIN] 2026/05/09 - 00:04:44 | 200 |     981.424µs |             ::1 | GET      "/api/coordinator/users/pending"
[GIN] 2026/05/09 - 00:04:44 | 200 |     902.545µs |             ::1 | GET      "/api/notifications/"

2026/05/09 00:04:44 [31;1m/home/jesua/Documents/My Personal Project/ojt-system/backend/controllers/coordinator_controller.go:72 [35;1mrecord not found
[0m[33m[0.165ms] [34;1m[rows:0][0m SELECT * FROM "evaluations" WHERE student_id = 2 AND "evaluations"."deleted_at" IS NULL ORDER BY created_at desc,"evaluations"."id" LIMIT 1
[GIN] 2026/05/09 - 00:04:44 | 200 |     376.782µs |             ::1 | GET      "/api/coordinator/users/pending"

2026/05/09 00:04:44 [31;1m/home/jesua/Documents/My Personal Project/ojt-system/backend/controllers/coordinator_controller.go:72 [35;1mrecord not found
[0m[33m[0.163ms] [34;1m[rows:0][0m SELECT * FROM "evaluations" WHERE student_id = 8 AND "evaluations"."deleted_at" IS NULL ORDER BY created_at desc,"evaluations"."id" LIMIT 1
[GIN] 2026/05/09 - 00:04:44 | 200 |    2.989427ms |             ::1 | GET      "/api/coordinator/students"
[GIN] 2026/05/09 - 00:04:44 | 200 |     342.777µs |             ::1 | GET      "/api/notifications/"

2026/05/09 00:04:44 [31;1m/home/jesua/Documents/My Personal Project/ojt-system/backend/controllers/coordinator_controller.go:72 [35;1mrecord not found
[0m[33m[0.117ms] [34;1m[rows:0][0m SELECT * FROM "evaluations" WHERE student_id = 2 AND "evaluations"."deleted_at" IS NULL ORDER BY created_at desc,"evaluations"."id" LIMIT 1

2026/05/09 00:04:44 [31;1m/home/jesua/Documents/My Personal Project/ojt-system/backend/controllers/coordinator_controller.go:72 [35;1mrecord not found
[0m[33m[0.112ms] [34;1m[rows:0][0m SELECT * FROM "evaluations" WHERE student_id = 8 AND "evaluations"."deleted_at" IS NULL ORDER BY created_at desc,"evaluations"."id" LIMIT 1
[GIN] 2026/05/09 - 00:04:44 | 200 |    2.470778ms |             ::1 | GET      "/api/coordinator/students"
[GIN] 2026/05/09 - 00:04:59 | 204 |       9.468µs |             ::1 | OPTIONS  "/api/notifications/"
[GIN] 2026/05/09 - 00:04:59 | 200 |     590.415µs |             ::1 | GET      "/api/notifications/"
[GIN] 2026/05/09 - 00:05:01 | 204 |       9.207µs |             ::1 | OPTIONS  "/api/auth/login"
[GIN] 2026/05/09 - 00:05:01 | 200 |   71.456791ms |             ::1 | POST     "/api/auth/login"
[GIN] 2026/05/09 - 00:05:01 | 204 |       6.953µs |             ::1 | OPTIONS  "/api/timelogs/"
[GIN] 2026/05/09 - 00:05:01 | 200 |     739.627µs |             ::1 | GET      "/api/notifications/"
[GIN] 2026/05/09 - 00:05:01 | 204 |       4.569µs |             ::1 | OPTIONS  "/api/evaluations/me"
[GIN] 2026/05/09 - 00:05:01 | 204 |       8.777µs |             ::1 | OPTIONS  "/api/timelogs/"
[GIN] 2026/05/09 - 00:05:01 | 204 |       6.893µs |             ::1 | OPTIONS  "/api/evaluations/me"
[GIN] 2026/05/09 - 00:05:01 | 200 |    3.968747ms |             ::1 | GET      "/api/timelogs/"
[GIN] 2026/05/09 - 00:05:01 | 200 |      3.5046ms |             ::1 | GET      "/api/evaluations/me"
[GIN] 2026/05/09 - 00:05:01 | 200 |     930.507µs |             ::1 | GET      "/api/evaluations/me"
[GIN] 2026/05/09 - 00:05:01 | 200 |    1.478753ms |             ::1 | GET      "/api/timelogs/"
[GIN] 2026/05/09 - 00:05:01 | 200 |    8.899942ms |             ::1 | GET      "/api/notifications/"
[GIN] 2026/05/09 - 00:05:05 | 200 |     991.222µs |             ::1 | GET      "/api/timelogs/"
[GIN] 2026/05/09 - 00:05:05 | 200 |    1.475056ms |             ::1 | GET      "/api/timelogs/"
[GIN] 2026/05/09 - 00:05:06 | 204 |      12.223µs |             ::1 | OPTIONS  "/api/timelogs/clockin"

2026/05/09 00:05:06 [31;1m/home/jesua/Documents/My Personal Project/ojt-system/backend/controllers/timelog_controller.go:109 [35;1mrecord not found
[0m[33m[1.115ms] [34;1m[rows:0][0m SELECT * FROM "time_logs" WHERE (student_id = 8 AND clock_out IS NULL) AND "time_logs"."deleted_at" IS NULL ORDER BY "time_logs"."id" LIMIT 1
[GIN] 2026/05/09 - 00:05:06 | 201 |   10.295208ms |             ::1 | POST     "/api/timelogs/clockin"
[GIN] 2026/05/09 - 00:05:06 | 204 |       10.69µs |             ::1 | OPTIONS  "/api/timelogs/"
[GIN] 2026/05/09 - 00:05:06 | 200 |    1.299805ms |             ::1 | GET      "/api/timelogs/"
[GIN] 2026/05/09 - 00:05:13 | 204 |       7.705µs |             ::1 | OPTIONS  "/api/notifications/"
[GIN] 2026/05/09 - 00:05:13 | 200 |     510.504µs |             ::1 | GET      "/api/notifications/"
[GIN] 2026/05/09 - 00:05:14 | 204 |       10.63µs |             ::1 | OPTIONS  "/api/me"
[GIN] 2026/05/09 - 00:05:14 | 204 |       6.853µs |             ::1 | OPTIONS  "/api/me"
[GIN] 2026/05/09 - 00:05:14 | 200 |    1.190359ms |             ::1 | GET      "/api/me"
[GIN] 2026/05/09 - 00:05:14 | 200 |     993.807µs |             ::1 | GET      "/api/me"
[GIN] 2026/05/09 - 00:05:14 | 204 |      12.524µs |             ::1 | OPTIONS  "/api/coordinator/users/pending"
[GIN] 2026/05/09 - 00:05:14 | 200 |    1.181462ms |             ::1 | GET      "/api/notifications/"
[GIN] 2026/05/09 - 00:05:14 | 200 |    1.748973ms |             ::1 | GET      "/api/coordinator/users/pending"
[GIN] 2026/05/09 - 00:05:14 | 204 |      69.611µs |             ::1 | OPTIONS  "/api/coordinator/students"
[GIN] 2026/05/09 - 00:05:14 | 200 |     983.798µs |             ::1 | GET      "/api/coordinator/users/pending"
[GIN] 2026/05/09 - 00:05:14 | 204 |       5.731µs |             ::1 | OPTIONS  "/api/coordinator/students"
[GIN] 2026/05/09 - 00:05:14 | 200 |     905.501µs |             ::1 | GET      "/api/notifications/"

2026/05/09 00:05:14 [31;1m/home/jesua/Documents/My Personal Project/ojt-system/backend/controllers/coordinator_controller.go:72 [35;1mrecord not found
[0m[33m[0.134ms] [34;1m[rows:0][0m SELECT * FROM "evaluations" WHERE student_id = 2 AND "evaluations"."deleted_at" IS NULL ORDER BY created_at desc,"evaluations"."id" LIMIT 1

2026/05/09 00:05:14 [31;1m/home/jesua/Documents/My Personal Project/ojt-system/backend/controllers/coordinator_controller.go:72 [35;1mrecord not found
[0m[33m[0.102ms] [34;1m[rows:0][0m SELECT * FROM "evaluations" WHERE student_id = 8 AND "evaluations"."deleted_at" IS NULL ORDER BY created_at desc,"evaluations"."id" LIMIT 1
[GIN] 2026/05/09 - 00:05:14 | 200 |    3.364074ms |             ::1 | GET      "/api/coordinator/students"

2026/05/09 00:05:14 [31;1m/home/jesua/Documents/My Personal Project/ojt-system/backend/controllers/coordinator_controller.go:72 [35;1mrecord not found
[0m[33m[0.132ms] [34;1m[rows:0][0m SELECT * FROM "evaluations" WHERE student_id = 2 AND "evaluations"."deleted_at" IS NULL ORDER BY created_at desc,"evaluations"."id" LIMIT 1

2026/05/09 00:05:14 [31;1m/home/jesua/Documents/My Personal Project/ojt-system/backend/controllers/coordinator_controller.go:72 [35;1mrecord not found
[0m[33m[0.108ms] [34;1m[rows:0][0m SELECT * FROM "evaluations" WHERE student_id = 8 AND "evaluations"."deleted_at" IS NULL ORDER BY created_at desc,"evaluations"."id" LIMIT 1
[GIN] 2026/05/09 - 00:05:14 | 200 |    2.474785ms |             ::1 | GET      "/api/coordinator/students"
[GIN] 2026/05/09 - 00:05:17 | 204 |       8.686µs |             ::1 | OPTIONS  "/api/coordinator/users/pending?status=pending"
[GIN] 2026/05/09 - 00:05:17 | 204 |      31.369µs |             ::1 | OPTIONS  "/api/departments/"
[GIN] 2026/05/09 - 00:05:17 | 204 |       6.622µs |             ::1 | OPTIONS  "/api/coordinator/users/pending?status=pending"
[GIN] 2026/05/09 - 00:05:17 | 204 |      27.432µs |             ::1 | OPTIONS  "/api/departments/"
[GIN] 2026/05/09 - 00:05:17 | 200 |     602.628µs |             ::1 | GET      "/api/coordinator/users/pending?status=pending"
[GIN] 2026/05/09 - 00:05:17 | 200 |     559.747µs |             ::1 | GET      "/api/departments/"
[GIN] 2026/05/09 - 00:05:17 | 200 |    1.587629ms |             ::1 | GET      "/api/coordinator/users/pending?status=pending"
[GIN] 2026/05/09 - 00:05:17 | 200 |     625.862µs |             ::1 | GET      "/api/departments/"

2026/05/09 00:05:18 [31;1m/home/jesua/Documents/My Personal Project/ojt-system/backend/controllers/coordinator_controller.go:72 [35;1mrecord not found
[0m[33m[0.120ms] [34;1m[rows:0][0m SELECT * FROM "evaluations" WHERE student_id = 2 AND "evaluations"."deleted_at" IS NULL ORDER BY created_at desc,"evaluations"."id" LIMIT 1

2026/05/09 00:05:18 [31;1m/home/jesua/Documents/My Personal Project/ojt-system/backend/controllers/coordinator_controller.go:72 [35;1mrecord not found
[0m[33m[0.114ms] [34;1m[rows:0][0m SELECT * FROM "evaluations" WHERE student_id = 8 AND "evaluations"."deleted_at" IS NULL ORDER BY created_at desc,"evaluations"."id" LIMIT 1
[GIN] 2026/05/09 - 00:05:18 | 200 |    2.650436ms |             ::1 | GET      "/api/coordinator/students"

2026/05/09 00:05:18 [31;1m/home/jesua/Documents/My Personal Project/ojt-system/backend/controllers/coordinator_controller.go:72 [35;1mrecord not found
[0m[33m[0.108ms] [34;1m[rows:0][0m SELECT * FROM "evaluations" WHERE student_id = 2 AND "evaluations"."deleted_at" IS NULL ORDER BY created_at desc,"evaluations"."id" LIMIT 1

2026/05/09 00:05:18 [31;1m/home/jesua/Documents/My Personal Project/ojt-system/backend/controllers/coordinator_controller.go:72 [35;1mrecord not found
[0m[33m[0.089ms] [34;1m[rows:0][0m SELECT * FROM "evaluations" WHERE student_id = 8 AND "evaluations"."deleted_at" IS NULL ORDER BY created_at desc,"evaluations"."id" LIMIT 1
[GIN] 2026/05/09 - 00:05:18 | 200 |    2.054601ms |             ::1 | GET      "/api/coordinator/students"
[GIN] 2026/05/09 - 00:05:29 | 204 |       8.356µs |             ::1 | OPTIONS  "/api/notifications/"
[GIN] 2026/05/09 - 00:05:29 | 200 |     598.039µs |             ::1 | GET      "/api/notifications/"
[GIN] 2026/05/09 - 00:05:31 | 200 |    1.194337ms |             ::1 | GET      "/api/notifications/"
[GIN] 2026/05/09 - 00:05:38 | 204 |      16.632µs |             ::1 | OPTIONS  "/api/departments/"
[GIN] 2026/05/09 - 00:05:38 | 204 |       7.314µs |             ::1 | OPTIONS  "/api/departments/"
[GIN] 2026/05/09 - 00:05:38 | 200 |     593.221µs |             ::1 | GET      "/api/departments/"
[GIN] 2026/05/09 - 00:05:38 | 200 |     450.171µs |             ::1 | GET      "/api/departments/"
[GIN] 2026/05/09 - 00:05:38 | 304 |     110.919µs |             ::1 | GET      "/uploads/ojt-system/departments/dept_2_1778250272.png"
[GIN] 2026/05/09 - 00:05:38 | 304 |      79.139µs |             ::1 | GET      "/uploads/ojt-system/departments/dept_1_1778250316.png"
[GIN] 2026/05/09 - 00:05:39 | 204 |      11.552µs |             ::1 | OPTIONS  "/api/companies/"
[GIN] 2026/05/09 - 00:05:39 | 204 |        5.26µs |             ::1 | OPTIONS  "/api/companies/"
[GIN] 2026/05/09 - 00:05:39 | 200 |    6.346388ms |             ::1 | GET      "/api/companies/"
[GIN] 2026/05/09 - 00:05:39 | 200 |     587.439µs |             ::1 | GET      "/api/companies/"
[GIN] 2026/05/09 - 00:05:40 | 204 |      24.256µs |             ::1 | OPTIONS  "/api/assignments/"
[GIN] 2026/05/09 - 00:05:40 | 204 |       4.198µs |             ::1 | OPTIONS  "/api/assignments/options"
[GIN] 2026/05/09 - 00:05:40 | 204 |       4.579µs |             ::1 | OPTIONS  "/api/assignments/"
[GIN] 2026/05/09 - 00:05:40 | 204 |       7.785µs |             ::1 | OPTIONS  "/api/assignments/options"
[GIN] 2026/05/09 - 00:05:40 | 200 |    1.229883ms |             ::1 | GET      "/api/assignments/"
[GIN] 2026/05/09 - 00:05:40 | 200 |    1.650628ms |             ::1 | GET      "/api/assignments/options"
[GIN] 2026/05/09 - 00:05:40 | 200 |    1.058159ms |             ::1 | GET      "/api/assignments/"
[GIN] 2026/05/09 - 00:05:40 | 200 |     927.592µs |             ::1 | GET      "/api/assignments/options"
[GIN] 2026/05/09 - 00:05:41 | 200 |     594.634µs |             ::1 | GET      "/api/companies/"
[GIN] 2026/05/09 - 00:05:41 | 200 |     793.268µs |             ::1 | GET      "/api/companies/"
[GIN] 2026/05/09 - 00:05:43 | 204 |      22.372µs |             ::1 | OPTIONS  "/api/coordinator/students"
[GIN] 2026/05/09 - 00:05:43 | 204 |       9.578µs |             ::1 | OPTIONS  "/api/coordinator/students"

2026/05/09 00:05:43 [31;1m/home/jesua/Documents/My Personal Project/ojt-system/backend/controllers/coordinator_controller.go:72 [35;1mrecord not found
[0m[33m[0.114ms] [34;1m[rows:0][0m SELECT * FROM "evaluations" WHERE student_id = 2 AND "evaluations"."deleted_at" IS NULL ORDER BY created_at desc,"evaluations"."id" LIMIT 1

2026/05/09 00:05:43 [31;1m/home/jesua/Documents/My Personal Project/ojt-system/backend/controllers/coordinator_controller.go:72 [35;1mrecord not found
[0m[33m[0.113ms] [34;1m[rows:0][0m SELECT * FROM "evaluations" WHERE student_id = 8 AND "evaluations"."deleted_at" IS NULL ORDER BY created_at desc,"evaluations"."id" LIMIT 1
[GIN] 2026/05/09 - 00:05:43 | 200 |    2.092062ms |             ::1 | GET      "/api/coordinator/students"

2026/05/09 00:05:43 [31;1m/home/jesua/Documents/My Personal Project/ojt-system/backend/controllers/coordinator_controller.go:72 [35;1mrecord not found
[0m[33m[0.158ms] [34;1m[rows:0][0m SELECT * FROM "evaluations" WHERE student_id = 2 AND "evaluations"."deleted_at" IS NULL ORDER BY created_at desc,"evaluations"."id" LIMIT 1

2026/05/09 00:05:43 [31;1m/home/jesua/Documents/My Personal Project/ojt-system/backend/controllers/coordinator_controller.go:72 [35;1mrecord not found
[0m[33m[0.133ms] [34;1m[rows:0][0m SELECT * FROM "evaluations" WHERE student_id = 8 AND "evaluations"."deleted_at" IS NULL ORDER BY created_at desc,"evaluations"."id" LIMIT 1
[GIN] 2026/05/09 - 00:05:43 | 200 |    2.075671ms |             ::1 | GET      "/api/coordinator/students"
[GIN] 2026/05/09 - 00:05:44 | 204 |       7.374µs |             ::1 | OPTIONS  "/api/notifications/"
[GIN] 2026/05/09 - 00:05:44 | 200 |     519.732µs |             ::1 | GET      "/api/notifications/"
[GIN] 2026/05/09 - 00:05:47 | 204 |      12.884µs |             ::1 | OPTIONS  "/api/timelogs/2?status=approved"
[GIN] 2026/05/09 - 00:05:47 | 204 |      16.261µs |             ::1 | OPTIONS  "/api/evaluations/2"
[GIN] 2026/05/09 - 00:05:47 | 200 |    1.267314ms |             ::1 | GET      "/api/timelogs/2?status=approved"
[GIN] 2026/05/09 - 00:05:47 | 200 |    1.199827ms |             ::1 | GET      "/api/evaluations/2"
[GIN] 2026/05/09 - 00:05:59 | 204 |       8.957µs |             ::1 | OPTIONS  "/api/notifications/"
[GIN] 2026/05/09 - 00:05:59 | 200 |   10.693481ms |             ::1 | GET      "/api/notifications/"
[GIN] 2026/05/09 - 00:06:01 | 200 |     787.267µs |             ::1 | GET      "/api/notifications/"
[GIN] 2026/05/09 - 00:06:03 | 204 |      10.159µs |             ::1 | OPTIONS  "/api/documents"
[GIN] 2026/05/09 - 00:06:03 | 204 |      11.942µs |             ::1 | OPTIONS  "/api/documents"
[GIN] 2026/05/09 - 00:06:03 | 200 |   64.721691ms |             ::1 | GET      "/api/documents"
[GIN] 2026/05/09 - 00:06:03 | 200 |     508.331µs |             ::1 | GET      "/api/documents"
[GIN] 2026/05/09 - 00:06:04 | 204 |       9.798µs |             ::1 | OPTIONS  "/api/evaluations/me"
[GIN] 2026/05/09 - 00:06:04 | 204 |       8.215µs |             ::1 | OPTIONS  "/api/evaluations/me"
[GIN] 2026/05/09 - 00:06:04 | 200 |     599.833µs |             ::1 | GET      "/api/evaluations/me"
[GIN] 2026/05/09 - 00:06:04 | 200 |     916.952µs |             ::1 | GET      "/api/evaluations/me"
[GIN] 2026/05/09 - 00:06:05 | 204 |       8.446µs |             ::1 | OPTIONS  "/api/timelogs/"
[GIN] 2026/05/09 - 00:06:05 | 204 |       4.358µs |             ::1 | OPTIONS  "/api/timelogs/"
[GIN] 2026/05/09 - 00:06:05 | 200 |    41.72511ms |             ::1 | GET      "/api/timelogs/"
[GIN] 2026/05/09 - 00:06:05 | 200 |    3.237576ms |             ::1 | GET      "/api/timelogs/"
[GIN] 2026/05/09 - 00:06:06 | 200 |    1.761808ms |             ::1 | GET      "/api/documents"
[GIN] 2026/05/09 - 00:06:06 | 200 |     612.638µs |             ::1 | GET      "/api/documents"
[GIN] 2026/05/09 - 00:06:07 | 200 |     766.357µs |             ::1 | GET      "/api/timelogs/"
[GIN] 2026/05/09 - 00:06:07 | 200 |    1.186021ms |             ::1 | GET      "/api/timelogs/"
[GIN] 2026/05/09 - 00:06:08 | 200 |     667.521µs |             ::1 | GET      "/api/evaluations/me"
[GIN] 2026/05/09 - 00:06:08 | 200 |     409.493µs |             ::1 | GET      "/api/evaluations/me"
[GIN] 2026/05/09 - 00:06:09 | 204 |      11.321µs |             ::1 | OPTIONS  "/api/documents"
[GIN] 2026/05/09 - 00:06:09 | 204 |       4.879µs |             ::1 | OPTIONS  "/api/documents"
[GIN] 2026/05/09 - 00:06:09 | 200 |     608.379µs |             ::1 | GET      "/api/documents"
[GIN] 2026/05/09 - 00:06:09 | 200 |     819.067µs |             ::1 | GET      "/api/documents"
[GIN] 2026/05/09 - 00:06:10 | 204 |       7.604µs |             ::1 | OPTIONS  "/api/evaluations/me"
[GIN] 2026/05/09 - 00:06:10 | 204 |       8.265µs |             ::1 | OPTIONS  "/api/evaluations/me"
[GIN] 2026/05/09 - 00:06:10 | 200 |     537.585µs |             ::1 | GET      "/api/evaluations/me"
[GIN] 2026/05/09 - 00:06:10 | 200 |     347.637µs |             ::1 | GET      "/api/evaluations/me"
[GIN] 2026/05/09 - 00:06:13 | 200 |    1.060113ms |             ::1 | GET      "/api/documents"
[GIN] 2026/05/09 - 00:06:13 | 200 |     361.973µs |             ::1 | GET      "/api/documents"
[GIN] 2026/05/09 - 00:06:14 | 204 |       6.623µs |             ::1 | OPTIONS  "/api/notifications/"
[GIN] 2026/05/09 - 00:06:14 | 200 |     454.238µs |             ::1 | GET      "/api/notifications/"
[GIN] 2026/05/09 - 00:06:14 | 200 |      328.02µs |             ::1 | GET      "/api/evaluations/me"
[GIN] 2026/05/09 - 00:06:14 | 200 |     431.335µs |             ::1 | GET      "/api/evaluations/me"
[GIN] 2026/05/09 - 00:06:16 | 204 |       9.518µs |             ::1 | OPTIONS  "/api/documents"
[GIN] 2026/05/09 - 00:06:16 | 200 |     454.879µs |             ::1 | GET      "/api/documents"
[GIN] 2026/05/09 - 00:06:16 | 200 |     441.524µs |             ::1 | GET      "/api/documents"
[GIN] 2026/05/09 - 00:06:29 | 204 |       7.244µs |             ::1 | OPTIONS  "/api/notifications/"
[GIN] 2026/05/09 - 00:06:29 | 200 |     648.054µs |             ::1 | GET      "/api/notifications/"
[GIN] 2026/05/09 - 00:06:31 | 200 |     510.925µs |             ::1 | GET      "/api/notifications/"
[GIN] 2026/05/09 - 00:06:39 | 204 |       8.375µs |             ::1 | OPTIONS  "/api/timelogs/"
[GIN] 2026/05/09 - 00:06:39 | 204 |       4.569µs |             ::1 | OPTIONS  "/api/evaluations/me"
[GIN] 2026/05/09 - 00:06:39 | 204 |       5.801µs |             ::1 | OPTIONS  "/api/timelogs/"
[GIN] 2026/05/09 - 00:06:39 | 204 |       5.731µs |             ::1 | OPTIONS  "/api/evaluations/me"
[GIN] 2026/05/09 - 00:06:39 | 200 |     694.432µs |             ::1 | GET      "/api/evaluations/me"
[GIN] 2026/05/09 - 00:06:39 | 200 |    1.264058ms |             ::1 | GET      "/api/timelogs/"
[GIN] 2026/05/09 - 00:06:39 | 200 |     411.548µs |             ::1 | GET      "/api/evaluations/me"
[GIN] 2026/05/09 - 00:06:39 | 200 |     728.456µs |             ::1 | GET      "/api/timelogs/"
[GIN] 2026/05/09 - 00:06:44 | 204 |       6.763µs |             ::1 | OPTIONS  "/api/notifications/"
[GIN] 2026/05/09 - 00:06:44 | 200 |      497.62µs |             ::1 | GET      "/api/notifications/"
[GIN] 2026/05/09 - 00:06:52 | 204 |   10.741852ms |             ::1 | OPTIONS  "/api/auth/login"
[GIN] 2026/05/09 - 00:06:52 | 200 |   82.796337ms |             ::1 | POST     "/api/auth/login"
[GIN] 2026/05/09 - 00:06:52 | 204 |       9.297µs |             ::1 | OPTIONS  "/api/notifications/"
[GIN] 2026/05/09 - 00:06:52 | 204 |       6.372µs |             ::1 | OPTIONS  "/api/timelogs/"
[GIN] 2026/05/09 - 00:06:52 | 204 |      20.018µs |             ::1 | OPTIONS  "/api/evaluations/me"
[GIN] 2026/05/09 - 00:06:52 | 200 |    1.233741ms |             ::1 | GET      "/api/notifications/"
[GIN] 2026/05/09 - 00:06:52 | 204 |      22.703µs |             ::1 | OPTIONS  "/api/notifications/"
[GIN] 2026/05/09 - 00:06:52 | 204 |      27.702µs |             ::1 | OPTIONS  "/api/timelogs/"
[GIN] 2026/05/09 - 00:06:52 | 204 |      24.817µs |             ::1 | OPTIONS  "/api/evaluations/me"
[GIN] 2026/05/09 - 00:06:52 | 200 |     999.418µs |             ::1 | GET      "/api/timelogs/"
[GIN] 2026/05/09 - 00:06:52 | 200 |     739.577µs |             ::1 | GET      "/api/evaluations/me"
[GIN] 2026/05/09 - 00:06:52 | 200 |     704.441µs |             ::1 | GET      "/api/notifications/"
[GIN] 2026/05/09 - 00:06:52 | 200 |     833.946µs |             ::1 | GET      "/api/evaluations/me"
[GIN] 2026/05/09 - 00:06:52 | 200 |    4.596944ms |             ::1 | GET      "/api/timelogs/"
[GIN] 2026/05/09 - 00:06:54 | 200 |     690.554µs |             ::1 | GET      "/api/timelogs/"
[GIN] 2026/05/09 - 00:06:54 | 200 |     632.996µs |             ::1 | GET      "/api/timelogs/"
[GIN] 2026/05/09 - 00:06:55 | 200 |     858.542µs |             ::1 | GET      "/api/evaluations/me"
[GIN] 2026/05/09 - 00:06:55 | 200 |     932.111µs |             ::1 | GET      "/api/evaluations/me"
[GIN] 2026/05/09 - 00:06:56 | 200 |     887.958µs |             ::1 | GET      "/api/timelogs/"
[GIN] 2026/05/09 - 00:06:56 | 200 |     916.892µs |             ::1 | GET      "/api/timelogs/"
[GIN] 2026/05/09 - 00:06:57 | 204 |       8.486µs |             ::1 | OPTIONS  "/api/timelogs/clockin"

2026/05/09 00:06:57 [31;1m/home/jesua/Documents/My Personal Project/ojt-system/backend/controllers/timelog_controller.go:109 [35;1mrecord not found
[0m[33m[9.904ms] [34;1m[rows:0][0m SELECT * FROM "time_logs" WHERE (student_id = 2 AND clock_out IS NULL) AND "time_logs"."deleted_at" IS NULL ORDER BY "time_logs"."id" LIMIT 1
[GIN] 2026/05/09 - 00:06:57 | 201 |   37.420138ms |             ::1 | POST     "/api/timelogs/clockin"
[GIN] 2026/05/09 - 00:06:57 | 204 |       9.247µs |             ::1 | OPTIONS  "/api/timelogs/"
[GIN] 2026/05/09 - 00:06:57 | 200 |     701.115µs |             ::1 | GET      "/api/timelogs/"
[GIN] 2026/05/09 - 00:06:59 | 204 |      13.867µs |             ::1 | OPTIONS  "/api/notifications/"
[GIN] 2026/05/09 - 00:06:59 | 200 |      661.42µs |             ::1 | GET      "/api/notifications/"
[GIN] 2026/05/09 - 00:07:01 | 200 |     591.888µs |             ::1 | GET      "/api/notifications/"
[GIN] 2026/05/09 - 00:07:02 | 204 |       8.015µs |             ::1 | OPTIONS  "/api/timelogs/clockout"
[GIN] 2026/05/09 - 00:07:02 | 200 |    4.406234ms |             ::1 | PATCH    "/api/timelogs/clockout"
[GIN] 2026/05/09 - 00:07:02 | 200 |     980.823µs |             ::1 | GET      "/api/timelogs/"
[GIN] 2026/05/09 - 00:07:03 | 204 |       9.238µs |             ::1 | OPTIONS  "/api/timelogs/clockin"

2026/05/09 00:07:03 [31;1m/home/jesua/Documents/My Personal Project/ojt-system/backend/controllers/timelog_controller.go:109 [35;1mrecord not found
[0m[33m[0.573ms] [34;1m[rows:0][0m SELECT * FROM "time_logs" WHERE (student_id = 2 AND clock_out IS NULL) AND "time_logs"."deleted_at" IS NULL ORDER BY "time_logs"."id" LIMIT 1
[GIN] 2026/05/09 - 00:07:03 | 201 |    3.778598ms |             ::1 | POST     "/api/timelogs/clockin"
[GIN] 2026/05/09 - 00:07:03 | 204 |      11.161µs |             ::1 | OPTIONS  "/api/timelogs/"
[GIN] 2026/05/09 - 00:07:03 | 200 |     918.425µs |             ::1 | GET      "/api/timelogs/"
[GIN] 2026/05/09 - 00:07:04 | 200 |     2.44053ms |             ::1 | PATCH    "/api/timelogs/clockout"
[GIN] 2026/05/09 - 00:07:04 | 200 |    1.017292ms |             ::1 | GET      "/api/timelogs/"
[GIN] 2026/05/09 - 00:07:24 | 204 |      11.371µs |             ::1 | OPTIONS  "/api/auth/login"
[GIN] 2026/05/09 - 00:07:24 | 200 |   67.901481ms |             ::1 | POST     "/api/auth/login"
[GIN] 2026/05/09 - 00:07:25 | 204 |       10.69µs |             ::1 | OPTIONS  "/api/supervisor/students"
[GIN] 2026/05/09 - 00:07:25 | 204 |       7.955µs |             ::1 | OPTIONS  "/api/notifications/"
[GIN] 2026/05/09 - 00:07:25 | 204 |       5.741µs |             ::1 | OPTIONS  "/api/supervisor/students"
[GIN] 2026/05/09 - 00:07:25 | 204 |      12.774µs |             ::1 | OPTIONS  "/api/supervisor/activity"
[GIN] 2026/05/09 - 00:07:25 | 204 |       5.851µs |             ::1 | OPTIONS  "/api/supervisor/students"
[GIN] 2026/05/09 - 00:07:25 | 204 |       9.288µs |             ::1 | OPTIONS  "/api/supervisor/notifications"
[GIN] 2026/05/09 - 00:07:25 | 204 |       3.887µs |             ::1 | OPTIONS  "/api/notifications/"
[GIN] 2026/05/09 - 00:07:25 | 204 |       8.687µs |             ::1 | OPTIONS  "/api/supervisor/students"
[GIN] 2026/05/09 - 00:07:25 | 204 |       8.857µs |             ::1 | OPTIONS  "/api/supervisor/activity"
[GIN] 2026/05/09 - 00:07:25 | 200 |    5.345769ms |             ::1 | GET      "/uploads/avatar_3_1775485838.png"
[GIN] 2026/05/09 - 00:07:25 | 204 |      13.816µs |             ::1 | OPTIONS  "/api/supervisor/notifications"
[GIN] 2026/05/09 - 00:07:25 | 200 |    2.231495ms |             ::1 | GET      "/api/notifications/"
[GIN] 2026/05/09 - 00:07:25 | 200 |    4.079616ms |             ::1 | GET      "/api/supervisor/activity"
[GIN] 2026/05/09 - 00:07:25 | 200 |    6.564792ms |             ::1 | GET      "/api/supervisor/students"
[GIN] 2026/05/09 - 00:07:25 | 200 |     564.306µs |             ::1 | GET      "/api/notifications/"
[GIN] 2026/05/09 - 00:07:25 | 200 |    2.191079ms |             ::1 | GET      "/api/supervisor/activity"
[GIN] 2026/05/09 - 00:07:25 | 200 |    4.068766ms |             ::1 | GET      "/api/supervisor/students"
[GIN] 2026/05/09 - 00:07:25 | 200 |   12.642973ms |             ::1 | GET      "/api/supervisor/notifications"
[GIN] 2026/05/09 - 00:07:25 | 200 |    1.141416ms |             ::1 | GET      "/api/supervisor/notifications"
[GIN] 2026/05/09 - 00:07:25 | 200 |    2.178175ms |             ::1 | GET      "/api/supervisor/students"
[GIN] 2026/05/09 - 00:07:25 | 200 |    1.565717ms |             ::1 | GET      "/api/supervisor/students"
[GIN] 2026/05/09 - 00:07:29 | 204 |      10.009µs |             ::1 | OPTIONS  "/api/notifications/"
[GIN] 2026/05/09 - 00:07:29 | 200 |     581.299µs |             ::1 | GET      "/api/notifications/"
[GIN] 2026/05/09 - 00:07:31 | 200 |     622.936µs |             ::1 | GET      "/api/notifications/"
[GIN] 2026/05/09 - 00:07:32 | 204 |      13.936µs |             ::1 | OPTIONS  "/api/supervisor/students"
[GIN] 2026/05/09 - 00:07:32 | 204 |        5.25µs |             ::1 | OPTIONS  "/api/supervisor/students"
[GIN] 2026/05/09 - 00:07:32 | 200 |    1.283735ms |             ::1 | GET      "/api/supervisor/students"
[GIN] 2026/05/09 - 00:07:32 | 200 |    2.174087ms |             ::1 | GET      "/api/supervisor/students"
[GIN] 2026/05/09 - 00:07:32 | 204 |      14.277µs |             ::1 | OPTIONS  "/api/timelogs/2"
[GIN] 2026/05/09 - 00:07:32 | 204 |      11.352µs |             ::1 | OPTIONS  "/api/timelogs/2"
[GIN] 2026/05/09 - 00:07:32 | 200 |     992.125µs |             ::1 | GET      "/api/timelogs/2"
[GIN] 2026/05/09 - 00:07:32 | 200 |    4.218078ms |             ::1 | GET      "/api/supervisor/students"
[GIN] 2026/05/09 - 00:07:32 | 200 |     953.021µs |             ::1 | GET      "/api/timelogs/2"
[GIN] 2026/05/09 - 00:07:52 | 204 |       8.586µs |             ::1 | OPTIONS  "/api/timelogs/3/reject"
[GIN] 2026/05/09 - 00:07:52 | 200 |    9.619292ms |             ::1 | PATCH    "/api/timelogs/3/reject"
[GIN] 2026/05/09 - 00:07:54 | 204 |       5.911µs |             ::1 | OPTIONS  "/api/timelogs/2/approve"
[GIN] 2026/05/09 - 00:07:54 | 200 |   12.633385ms |             ::1 | PATCH    "/api/timelogs/2/approve"
[GIN] 2026/05/09 - 00:07:55 | 204 |       7.484µs |             ::1 | OPTIONS  "/api/notifications/"
[GIN] 2026/05/09 - 00:07:55 | 200 |     373.215µs |             ::1 | GET      "/api/notifications/"
[GIN] 2026/05/09 - 00:07:59 | 204 |       9.068µs |             ::1 | OPTIONS  "/api/notifications/"
[GIN] 2026/05/09 - 00:07:59 | 200 |     590.566µs |             ::1 | GET      "/api/notifications/"
[GIN] 2026/05/09 - 00:08:01 | 200 |     631.934µs |             ::1 | GET      "/api/notifications/"
[GIN] 2026/05/09 - 00:08:05 | 204 |       10.58µs |             ::1 | OPTIONS  "/api/me"
[GIN] 2026/05/09 - 00:08:05 | 204 |       4.899µs |             ::1 | OPTIONS  "/api/me"
[GIN] 2026/05/09 - 00:08:05 | 200 |     445.381µs |             ::1 | GET      "/api/me"
[GIN] 2026/05/09 - 00:08:05 | 200 |     323.391µs |             ::1 | GET      "/api/me"
[GIN] 2026/05/09 - 00:08:05 | 204 |       7.925µs |             ::1 | OPTIONS  "/api/supervisor/students"
[GIN] 2026/05/09 - 00:08:05 | 204 |       7.835µs |             ::1 | OPTIONS  "/api/notifications/"
[GIN] 2026/05/09 - 00:08:05 | 204 |      12.153µs |             ::1 | OPTIONS  "/api/supervisor/students"
[GIN] 2026/05/09 - 00:08:05 | 204 |      10.801µs |             ::1 | OPTIONS  "/api/timelogs/2"
[GIN] 2026/05/09 - 00:08:05 | 204 |       6.612µs |             ::1 | OPTIONS  "/api/supervisor/students"
[GIN] 2026/05/09 - 00:08:05 | 204 |      11.081µs |             ::1 | OPTIONS  "/api/notifications/"
[GIN] 2026/05/09 - 00:08:05 | 204 |       9.167µs |             ::1 | OPTIONS  "/api/supervisor/students"
[GIN] 2026/05/09 - 00:08:05 | 200 |    1.050765ms |             ::1 | GET      "/api/notifications/"
[GIN] 2026/05/09 - 00:08:05 | 204 |       6.593µs |             ::1 | OPTIONS  "/api/timelogs/2"
[GIN] 2026/05/09 - 00:08:05 | 200 |    1.079961ms |             ::1 | GET      "/api/timelogs/2"
[GIN] 2026/05/09 - 00:08:05 | 200 |    4.640256ms |             ::1 | GET      "/api/supervisor/students"
[GIN] 2026/05/09 - 00:08:05 | 200 |    1.165362ms |             ::1 | GET      "/api/notifications/"
[GIN] 2026/05/09 - 00:08:05 | 200 |     2.94306ms |             ::1 | GET      "/api/supervisor/students"
[GIN] 2026/05/09 - 00:08:05 | 200 |    1.542104ms |             ::1 | GET      "/api/supervisor/students"
[GIN] 2026/05/09 - 00:08:05 | 200 |    8.790295ms |             ::1 | GET      "/api/timelogs/2"
[GIN] 2026/05/09 - 00:08:05 | 200 |    3.033991ms |             ::1 | GET      "/api/supervisor/students"
[GIN] 2026/05/09 - 00:08:12 | 204 |       9.248µs |             ::1 | OPTIONS  "/api/supervisor/students"
[GIN] 2026/05/09 - 00:08:12 | 204 |       5.691µs |             ::1 | OPTIONS  "/api/supervisor/students"
[GIN] 2026/05/09 - 00:08:12 | 200 |    1.578893ms |             ::1 | GET      "/api/supervisor/students"
[GIN] 2026/05/09 - 00:08:12 | 200 |    1.215476ms |             ::1 | GET      "/api/supervisor/students"
[GIN] 2026/05/09 - 00:08:13 | 200 |     1.83641ms |             ::1 | GET      "/api/supervisor/students"
[GIN] 2026/05/09 - 00:08:13 | 200 |    1.433187ms |             ::1 | GET      "/api/supervisor/students"
[GIN] 2026/05/09 - 00:08:13 | 204 |      14.217µs |             ::1 | OPTIONS  "/api/timelogs/8"
[GIN] 2026/05/09 - 00:08:13 | 200 |      995.06µs |             ::1 | GET      "/api/timelogs/8"
[GIN] 2026/05/09 - 00:08:13 | 200 |     722.825µs |             ::1 | GET      "/api/timelogs/8"
[GIN] 2026/05/09 - 00:08:13 | 200 |     1.69379ms |             ::1 | GET      "/api/supervisor/students"
[GIN] 2026/05/09 - 00:08:16 | 200 |    2.125245ms |             ::1 | GET      "/api/supervisor/students"
[GIN] 2026/05/09 - 00:08:16 | 200 |    1.871515ms |             ::1 | GET      "/api/supervisor/students"
[GIN] 2026/05/09 - 00:08:17 | 204 |      24.837µs |             ::1 | OPTIONS  "/api/supervisor/students"
[GIN] 2026/05/09 - 00:08:17 | 204 |      11.472µs |             ::1 | OPTIONS  "/api/supervisor/students"
[GIN] 2026/05/09 - 00:08:17 | 200 |    1.268767ms |             ::1 | GET      "/api/supervisor/students"
[GIN] 2026/05/09 - 00:08:17 | 200 |    1.099366ms |             ::1 | GET      "/api/supervisor/students"
[GIN] 2026/05/09 - 00:08:19 | 200 |    1.287903ms |             ::1 | GET      "/api/supervisor/students"
[GIN] 2026/05/09 - 00:08:19 | 200 |     952.529µs |             ::1 | GET      "/api/supervisor/students"
[GIN] 2026/05/09 - 00:08:29 | 204 |       8.236µs |             ::1 | OPTIONS  "/api/notifications/"
[GIN] 2026/05/09 - 00:08:29 | 200 |     572.802µs |             ::1 | GET      "/api/notifications/"
[GIN] 2026/05/09 - 00:08:31 | 200 |     604.752µs |             ::1 | GET      "/api/notifications/"
[GIN] 2026/05/09 - 00:08:35 | 204 |       7.554µs |             ::1 | OPTIONS  "/api/notifications/"
[GIN] 2026/05/09 - 00:08:35 | 200 |     650.509µs |             ::1 | GET      "/api/notifications/"
[GIN] 2026/05/09 - 00:08:42 | 204 |      12.864µs |             ::1 | OPTIONS  "/api/supervisor/students"
[GIN] 2026/05/09 - 00:08:42 | 204 |       8.696µs |             ::1 | OPTIONS  "/api/supervisor/students"
[GIN] 2026/05/09 - 00:08:42 | 200 |    1.198594ms |             ::1 | GET      "/api/supervisor/students"
[GIN] 2026/05/09 - 00:08:42 | 200 |    1.077576ms |             ::1 | GET      "/api/supervisor/students"
[GIN] 2026/05/09 - 00:08:48 | 204 |       9.528µs |             ::1 | OPTIONS  "/api/supervisor/students"
[GIN] 2026/05/09 - 00:08:48 | 204 |       6.282µs |             ::1 | OPTIONS  "/api/supervisor/students"
[GIN] 2026/05/09 - 00:08:48 | 200 |    1.257706ms |             ::1 | GET      "/api/supervisor/students"
[GIN] 2026/05/09 - 00:08:48 | 200 |    1.844725ms |             ::1 | GET      "/api/supervisor/students"
[GIN] 2026/05/09 - 00:08:49 | 204 |       8.897µs |             ::1 | OPTIONS  "/api/supervisor/notifications"
[GIN] 2026/05/09 - 00:08:49 | 204 |       5.169µs |             ::1 | OPTIONS  "/api/supervisor/activity"
[GIN] 2026/05/09 - 00:08:49 | 204 |       5.801µs |             ::1 | OPTIONS  "/api/supervisor/activity"
[GIN] 2026/05/09 - 00:08:49 | 204 |       6.522µs |             ::1 | OPTIONS  "/api/supervisor/notifications"
[GIN] 2026/05/09 - 00:08:49 | 200 |    2.009406ms |             ::1 | GET      "/api/supervisor/students"
[GIN] 2026/05/09 - 00:08:49 | 200 |    1.169039ms |             ::1 | GET      "/api/supervisor/notifications"
[GIN] 2026/05/09 - 00:08:49 | 200 |    1.232178ms |             ::1 | GET      "/api/supervisor/activity"
[GIN] 2026/05/09 - 00:08:49 | 200 |     940.286µs |             ::1 | GET      "/api/supervisor/activity"
[GIN] 2026/05/09 - 00:08:49 | 200 |    1.871776ms |             ::1 | GET      "/api/supervisor/notifications"
[GIN] 2026/05/09 - 00:08:49 | 200 |    7.741294ms |             ::1 | GET      "/api/supervisor/students"
[GIN] 2026/05/09 - 00:08:59 | 204 |      10.129µs |             ::1 | OPTIONS  "/api/auth/login"
[GIN] 2026/05/09 - 00:08:59 | 200 |   67.797878ms |             ::1 | POST     "/api/auth/login"
[GIN] 2026/05/09 - 00:08:59 | 204 |       10.67µs |             ::1 | OPTIONS  "/api/coordinator/users/pending"
[GIN] 2026/05/09 - 00:08:59 | 204 |      12.543µs |             ::1 | OPTIONS  "/api/notifications/"
[GIN] 2026/05/09 - 00:08:59 | 204 |      13.816µs |             ::1 | OPTIONS  "/api/coordinator/students"
[GIN] 2026/05/09 - 00:08:59 | 204 |       6.632µs |             ::1 | OPTIONS  "/api/coordinator/users/pending"
[GIN] 2026/05/09 - 00:08:59 | 204 |       8.436µs |             ::1 | OPTIONS  "/api/notifications/"
[GIN] 2026/05/09 - 00:08:59 | 204 |       9.818µs |             ::1 | OPTIONS  "/api/coordinator/students"
[GIN] 2026/05/09 - 00:08:59 | 200 |     957.659µs |             ::1 | GET      "/api/coordinator/users/pending"
[GIN] 2026/05/09 - 00:08:59 | 200 |     646.903µs |             ::1 | GET      "/api/notifications/"
[GIN] 2026/05/09 - 00:08:59 | 200 |     194.057µs |             ::1 | GET      "/api/coordinator/users/pending"

2026/05/09 00:08:59 [31;1m/home/jesua/Documents/My Personal Project/ojt-system/backend/controllers/coordinator_controller.go:72 [35;1mrecord not found
[0m[33m[0.663ms] [34;1m[rows:0][0m SELECT * FROM "evaluations" WHERE student_id = 2 AND "evaluations"."deleted_at" IS NULL ORDER BY created_at desc,"evaluations"."id" LIMIT 1

2026/05/09 00:08:59 [31;1m/home/jesua/Documents/My Personal Project/ojt-system/backend/controllers/coordinator_controller.go:72 [35;1mrecord not found
[0m[33m[0.093ms] [34;1m[rows:0][0m SELECT * FROM "evaluations" WHERE student_id = 8 AND "evaluations"."deleted_at" IS NULL ORDER BY created_at desc,"evaluations"."id" LIMIT 1
[GIN] 2026/05/09 - 00:08:59 | 200 |    3.778168ms |             ::1 | GET      "/api/coordinator/students"
[GIN] 2026/05/09 - 00:08:59 | 204 |      10.991µs |             ::1 | OPTIONS  "/api/notifications/"
[GIN] 2026/05/09 - 00:08:59 | 200 |      804.59µs |             ::1 | GET      "/api/notifications/"
[GIN] 2026/05/09 - 00:08:59 | 200 |     669.614µs |             ::1 | GET      "/api/notifications/"

2026/05/09 00:08:59 [31;1m/home/jesua/Documents/My Personal Project/ojt-system/backend/controllers/coordinator_controller.go:72 [35;1mrecord not found
[0m[33m[0.141ms] [34;1m[rows:0][0m SELECT * FROM "evaluations" WHERE student_id = 2 AND "evaluations"."deleted_at" IS NULL ORDER BY created_at desc,"evaluations"."id" LIMIT 1

2026/05/09 00:08:59 [31;1m/home/jesua/Documents/My Personal Project/ojt-system/backend/controllers/coordinator_controller.go:72 [35;1mrecord not found
[0m[33m[0.148ms] [34;1m[rows:0][0m SELECT * FROM "evaluations" WHERE student_id = 8 AND "evaluations"."deleted_at" IS NULL ORDER BY created_at desc,"evaluations"."id" LIMIT 1
[GIN] 2026/05/09 - 00:08:59 | 200 |    2.425943ms |             ::1 | GET      "/api/coordinator/students"
[GIN] 2026/05/09 - 00:09:01 | 200 |     535.411µs |             ::1 | GET      "/api/notifications/"
[GIN] 2026/05/09 - 00:09:01 | 204 |       8.556µs |             ::1 | OPTIONS  "/api/assignments/"
[GIN] 2026/05/09 - 00:09:01 | 204 |       7.704µs |             ::1 | OPTIONS  "/api/assignments/options"
[GIN] 2026/05/09 - 00:09:01 | 204 |       9.858µs |             ::1 | OPTIONS  "/api/assignments/"
[GIN] 2026/05/09 - 00:09:01 | 204 |       9.027µs |             ::1 | OPTIONS  "/api/assignments/options"
[GIN] 2026/05/09 - 00:09:01 | 200 |    1.137779ms |             ::1 | GET      "/api/assignments/"
[GIN] 2026/05/09 - 00:09:01 | 200 |    1.985511ms |             ::1 | GET      "/api/assignments/options"
[GIN] 2026/05/09 - 00:09:01 | 200 |    1.040014ms |             ::1 | GET      "/api/assignments/"
[GIN] 2026/05/09 - 00:09:01 | 200 |    1.362514ms |             ::1 | GET      "/api/assignments/options"
[GIN] 2026/05/09 - 00:09:02 | 204 |       7.865µs |             ::1 | OPTIONS  "/api/companies/"
[GIN] 2026/05/09 - 00:09:02 | 204 |       3.397µs |             ::1 | OPTIONS  "/api/companies/"
[GIN] 2026/05/09 - 00:09:02 | 200 |     747.932µs |             ::1 | GET      "/api/companies/"
[GIN] 2026/05/09 - 00:09:02 | 200 |      354.74µs |             ::1 | GET      "/api/companies/"
[GIN] 2026/05/09 - 00:09:09 | 204 |       8.235µs |             ::1 | OPTIONS  "/api/assignments/"
[GIN] 2026/05/09 - 00:09:09 | 204 |       7.414µs |             ::1 | OPTIONS  "/api/assignments/options"
[GIN] 2026/05/09 - 00:09:09 | 204 |       6.222µs |             ::1 | OPTIONS  "/api/assignments/"
[GIN] 2026/05/09 - 00:09:09 | 204 |       4.068µs |             ::1 | OPTIONS  "/api/assignments/options"
[GIN] 2026/05/09 - 00:09:09 | 200 |    1.091201ms |             ::1 | GET      "/api/assignments/"
[GIN] 2026/05/09 - 00:09:09 | 200 |    1.010899ms |             ::1 | GET      "/api/assignments/options"
[GIN] 2026/05/09 - 00:09:09 | 200 |     887.507µs |             ::1 | GET      "/api/assignments/"
[GIN] 2026/05/09 - 00:09:09 | 200 |     973.599µs |             ::1 | GET      "/api/assignments/options"
[GIN] 2026/05/09 - 00:09:24 | 204 |       9.659µs |             ::1 | OPTIONS  "/api/coordinator/documents?status=pending"
[GIN] 2026/05/09 - 00:09:24 | 204 |       5.119µs |             ::1 | OPTIONS  "/api/coordinator/documents?status=pending"
[GIN] 2026/05/09 - 00:09:24 | 200 |    1.620792ms |             ::1 | GET      "/api/coordinator/documents?status=pending"
[GIN] 2026/05/09 - 00:09:24 | 200 |     470.519µs |             ::1 | GET      "/api/coordinator/documents?status=pending"
[GIN] 2026/05/09 - 00:09:25 | 204 |       7.985µs |             ::1 | OPTIONS  "/api/coordinator/students"
[GIN] 2026/05/09 - 00:09:25 | 204 |      14.457µs |             ::1 | OPTIONS  "/api/coordinator/students"

2026/05/09 00:09:25 [31;1m/home/jesua/Documents/My Personal Project/ojt-system/backend/controllers/coordinator_controller.go:72 [35;1mrecord not found
[0m[33m[0.088ms] [34;1m[rows:0][0m SELECT * FROM "evaluations" WHERE student_id = 2 AND "evaluations"."deleted_at" IS NULL ORDER BY created_at desc,"evaluations"."id" LIMIT 1

2026/05/09 00:09:25 [31;1m/home/jesua/Documents/My Personal Project/ojt-system/backend/controllers/coordinator_controller.go:72 [35;1mrecord not found
[0m[33m[0.082ms] [34;1m[rows:0][0m SELECT * FROM "evaluations" WHERE student_id = 8 AND "evaluations"."deleted_at" IS NULL ORDER BY created_at desc,"evaluations"."id" LIMIT 1
[GIN] 2026/05/09 - 00:09:25 | 200 |    1.775184ms |             ::1 | GET      "/api/coordinator/students"

2026/05/09 00:09:25 [31;1m/home/jesua/Documents/My Personal Project/ojt-system/backend/controllers/coordinator_controller.go:72 [35;1mrecord not found
[0m[33m[0.094ms] [34;1m[rows:0][0m SELECT * FROM "evaluations" WHERE student_id = 2 AND "evaluations"."deleted_at" IS NULL ORDER BY created_at desc,"evaluations"."id" LIMIT 1

2026/05/09 00:09:25 [31;1m/home/jesua/Documents/My Personal Project/ojt-system/backend/controllers/coordinator_controller.go:72 [35;1mrecord not found
[0m[33m[0.105ms] [34;1m[rows:0][0m SELECT * FROM "evaluations" WHERE student_id = 8 AND "evaluations"."deleted_at" IS NULL ORDER BY created_at desc,"evaluations"."id" LIMIT 1
[GIN] 2026/05/09 - 00:09:25 | 200 |     1.57211ms |             ::1 | GET      "/api/coordinator/students"
[GIN] 2026/05/09 - 00:09:25 | 204 |       7.885µs |             ::1 | OPTIONS  "/api/timelogs/8"
[GIN] 2026/05/09 - 00:09:25 | 204 |       7.054µs |             ::1 | OPTIONS  "/api/timelogs/8"
[GIN] 2026/05/09 - 00:09:25 | 200 |     736.822µs |             ::1 | GET      "/api/timelogs/8"

2026/05/09 00:09:25 [31;1m/home/jesua/Documents/My Personal Project/ojt-system/backend/controllers/coordinator_controller.go:72 [35;1mrecord not found
[0m[33m[0.307ms] [34;1m[rows:0][0m SELECT * FROM "evaluations" WHERE student_id = 2 AND "evaluations"."deleted_at" IS NULL ORDER BY created_at desc,"evaluations"."id" LIMIT 1

2026/05/09 00:09:25 [31;1m/home/jesua/Documents/My Personal Project/ojt-system/backend/controllers/coordinator_controller.go:72 [35;1mrecord not found
[0m[33m[0.129ms] [34;1m[rows:0][0m SELECT * FROM "evaluations" WHERE student_id = 8 AND "evaluations"."deleted_at" IS NULL ORDER BY created_at desc,"evaluations"."id" LIMIT 1
[GIN] 2026/05/09 - 00:09:25 | 200 |    2.532654ms |             ::1 | GET      "/api/coordinator/students"
[GIN] 2026/05/09 - 00:09:25 | 200 |     558.806µs |             ::1 | GET      "/api/timelogs/8"

2026/05/09 00:09:26 [31;1m/home/jesua/Documents/My Personal Project/ojt-system/backend/controllers/coordinator_controller.go:72 [35;1mrecord not found
[0m[33m[0.125ms] [34;1m[rows:0][0m SELECT * FROM "evaluations" WHERE student_id = 2 AND "evaluations"."deleted_at" IS NULL ORDER BY created_at desc,"evaluations"."id" LIMIT 1

2026/05/09 00:09:26 [31;1m/home/jesua/Documents/My Personal Project/ojt-system/backend/controllers/coordinator_controller.go:72 [35;1mrecord not found
[0m[33m[0.096ms] [34;1m[rows:0][0m SELECT * FROM "evaluations" WHERE student_id = 8 AND "evaluations"."deleted_at" IS NULL ORDER BY created_at desc,"evaluations"."id" LIMIT 1
[GIN] 2026/05/09 - 00:09:26 | 200 |     2.08525ms |             ::1 | GET      "/api/coordinator/students"

2026/05/09 00:09:26 [31;1m/home/jesua/Documents/My Personal Project/ojt-system/backend/controllers/coordinator_controller.go:72 [35;1mrecord not found
[0m[33m[0.114ms] [34;1m[rows:0][0m SELECT * FROM "evaluations" WHERE student_id = 2 AND "evaluations"."deleted_at" IS NULL ORDER BY created_at desc,"evaluations"."id" LIMIT 1

2026/05/09 00:09:26 [31;1m/home/jesua/Documents/My Personal Project/ojt-system/backend/controllers/coordinator_controller.go:72 [35;1mrecord not found
[0m[33m[0.081ms] [34;1m[rows:0][0m SELECT * FROM "evaluations" WHERE student_id = 8 AND "evaluations"."deleted_at" IS NULL ORDER BY created_at desc,"evaluations"."id" LIMIT 1
[GIN] 2026/05/09 - 00:09:26 | 200 |    1.597628ms |             ::1 | GET      "/api/coordinator/students"

2026/05/09 00:09:27 [31;1m/home/jesua/Documents/My Personal Project/ojt-system/backend/controllers/coordinator_controller.go:72 [35;1mrecord not found
[0m[33m[0.143ms] [34;1m[rows:0][0m SELECT * FROM "evaluations" WHERE student_id = 2 AND "evaluations"."deleted_at" IS NULL ORDER BY created_at desc,"evaluations"."id" LIMIT 1

2026/05/09 00:09:27 [31;1m/home/jesua/Documents/My Personal Project/ojt-system/backend/controllers/coordinator_controller.go:72 [35;1mrecord not found
[0m[33m[0.098ms] [34;1m[rows:0][0m SELECT * FROM "evaluations" WHERE student_id = 8 AND "evaluations"."deleted_at" IS NULL ORDER BY created_at desc,"evaluations"."id" LIMIT 1
[GIN] 2026/05/09 - 00:09:27 | 200 |    2.450549ms |             ::1 | GET      "/api/coordinator/students"

2026/05/09 00:09:27 [31;1m/home/jesua/Documents/My Personal Project/ojt-system/backend/controllers/coordinator_controller.go:72 [35;1mrecord not found
[0m[33m[0.076ms] [34;1m[rows:0][0m SELECT * FROM "evaluations" WHERE student_id = 2 AND "evaluations"."deleted_at" IS NULL ORDER BY created_at desc,"evaluations"."id" LIMIT 1

2026/05/09 00:09:27 [31;1m/home/jesua/Documents/My Personal Project/ojt-system/backend/controllers/coordinator_controller.go:72 [35;1mrecord not found
[0m[33m[0.071ms] [34;1m[rows:0][0m SELECT * FROM "evaluations" WHERE student_id = 8 AND "evaluations"."deleted_at" IS NULL ORDER BY created_at desc,"evaluations"."id" LIMIT 1
[GIN] 2026/05/09 - 00:09:27 | 200 |    1.437896ms |             ::1 | GET      "/api/coordinator/students"
[GIN] 2026/05/09 - 00:09:29 | 204 |       10.84µs |             ::1 | OPTIONS  "/api/notifications/"
[GIN] 2026/05/09 - 00:09:29 | 200 |     621.234µs |             ::1 | GET      "/api/notifications/"
[GIN] 2026/05/09 - 00:09:29 | 204 |      20.008µs |             ::1 | OPTIONS  "/api/notifications/"
[GIN] 2026/05/09 - 00:09:29 | 200 |     452.686µs |             ::1 | GET      "/api/notifications/"
[GIN] 2026/05/09 - 00:09:30 | 204 |       7.785µs |             ::1 | OPTIONS  "/api/coordinator/students"
[GIN] 2026/05/09 - 00:09:30 | 204 |        5.32µs |             ::1 | OPTIONS  "/api/coordinator/students"

2026/05/09 00:09:30 [31;1m/home/jesua/Documents/My Personal Project/ojt-system/backend/controllers/coordinator_controller.go:72 [35;1mrecord not found
[0m[33m[0.082ms] [34;1m[rows:0][0m SELECT * FROM "evaluations" WHERE student_id = 2 AND "evaluations"."deleted_at" IS NULL ORDER BY created_at desc,"evaluations"."id" LIMIT 1

2026/05/09 00:09:30 [31;1m/home/jesua/Documents/My Personal Project/ojt-system/backend/controllers/coordinator_controller.go:72 [35;1mrecord not found
[0m[33m[0.072ms] [34;1m[rows:0][0m SELECT * FROM "evaluations" WHERE student_id = 8 AND "evaluations"."deleted_at" IS NULL ORDER BY created_at desc,"evaluations"."id" LIMIT 1
[GIN] 2026/05/09 - 00:09:30 | 200 |    1.746319ms |             ::1 | GET      "/api/coordinator/students"

2026/05/09 00:09:30 [31;1m/home/jesua/Documents/My Personal Project/ojt-system/backend/controllers/coordinator_controller.go:72 [35;1mrecord not found
[0m[33m[0.205ms] [34;1m[rows:0][0m SELECT * FROM "evaluations" WHERE student_id = 2 AND "evaluations"."deleted_at" IS NULL ORDER BY created_at desc,"evaluations"."id" LIMIT 1

2026/05/09 00:09:30 [31;1m/home/jesua/Documents/My Personal Project/ojt-system/backend/controllers/coordinator_controller.go:72 [35;1mrecord not found
[0m[33m[0.078ms] [34;1m[rows:0][0m SELECT * FROM "evaluations" WHERE student_id = 8 AND "evaluations"."deleted_at" IS NULL ORDER BY created_at desc,"evaluations"."id" LIMIT 1
[GIN] 2026/05/09 - 00:09:30 | 200 |     2.38727ms |             ::1 | GET      "/api/coordinator/students"
[GIN] 2026/05/09 - 00:09:31 | 200 |     572.872µs |             ::1 | GET      "/api/notifications/"
[GIN] 2026/05/09 - 00:09:33 | 204 |      16.591µs |             ::1 | OPTIONS  "/api/coordinator/users/pending?status=pending"
[GIN] 2026/05/09 - 00:09:33 | 204 |       9.328µs |             ::1 | OPTIONS  "/api/departments/"
[GIN] 2026/05/09 - 00:09:33 | 204 |       4.809µs |             ::1 | OPTIONS  "/api/coordinator/users/pending?status=pending"
[GIN] 2026/05/09 - 00:09:33 | 204 |       3.667µs |             ::1 | OPTIONS  "/api/departments/"
[GIN] 2026/05/09 - 00:09:33 | 200 |     633.838µs |             ::1 | GET      "/api/coordinator/users/pending?status=pending"
[GIN] 2026/05/09 - 00:09:33 | 200 |     631.262µs |             ::1 | GET      "/api/departments/"
[GIN] 2026/05/09 - 00:09:33 | 200 |     391.199µs |             ::1 | GET      "/api/coordinator/users/pending?status=pending"
[GIN] 2026/05/09 - 00:09:33 | 200 |     503.161µs |             ::1 | GET      "/api/departments/"

2026/05/09 00:09:34 [31;1m/home/jesua/Documents/My Personal Project/ojt-system/backend/controllers/coordinator_controller.go:72 [35;1mrecord not found
[0m[33m[0.100ms] [34;1m[rows:0][0m SELECT * FROM "evaluations" WHERE student_id = 2 AND "evaluations"."deleted_at" IS NULL ORDER BY created_at desc,"evaluations"."id" LIMIT 1

2026/05/09 00:09:34 [31;1m/home/jesua/Documents/My Personal Project/ojt-system/backend/controllers/coordinator_controller.go:72 [35;1mrecord not found
[0m[33m[0.112ms] [34;1m[rows:0][0m SELECT * FROM "evaluations" WHERE student_id = 8 AND "evaluations"."deleted_at" IS NULL ORDER BY created_at desc,"evaluations"."id" LIMIT 1
[GIN] 2026/05/09 - 00:09:34 | 200 |    1.830458ms |             ::1 | GET      "/api/coordinator/students"

2026/05/09 00:09:34 [31;1m/home/jesua/Documents/My Personal Project/ojt-system/backend/controllers/coordinator_controller.go:72 [35;1mrecord not found
[0m[33m[0.092ms] [34;1m[rows:0][0m SELECT * FROM "evaluations" WHERE student_id = 2 AND "evaluations"."deleted_at" IS NULL ORDER BY created_at desc,"evaluations"."id" LIMIT 1

2026/05/09 00:09:34 [31;1m/home/jesua/Documents/My Personal Project/ojt-system/backend/controllers/coordinator_controller.go:72 [35;1mrecord not found
[0m[33m[0.080ms] [34;1m[rows:0][0m SELECT * FROM "evaluations" WHERE student_id = 8 AND "evaluations"."deleted_at" IS NULL ORDER BY created_at desc,"evaluations"."id" LIMIT 1
[GIN] 2026/05/09 - 00:09:34 | 200 |    1.570356ms |             ::1 | GET      "/api/coordinator/students"
[GIN] 2026/05/09 - 00:09:35 | 200 |     388.354µs |             ::1 | GET      "/api/departments/"
[GIN] 2026/05/09 - 00:09:35 | 200 |     374.818µs |             ::1 | GET      "/api/departments/"
[GIN] 2026/05/09 - 00:09:35 | 204 |       9.498µs |             ::1 | OPTIONS  "/api/companies/"
[GIN] 2026/05/09 - 00:09:35 | 204 |       6.853µs |             ::1 | OPTIONS  "/api/companies/"
[GIN] 2026/05/09 - 00:09:35 | 200 |     386.841µs |             ::1 | GET      "/api/companies/"
[GIN] 2026/05/09 - 00:09:35 | 200 |     347.817µs |             ::1 | GET      "/api/companies/"
[GIN] 2026/05/09 - 00:09:37 | 204 |       9.017µs |             ::1 | OPTIONS  "/api/assignments/"
[GIN] 2026/05/09 - 00:09:37 | 204 |       8.286µs |             ::1 | OPTIONS  "/api/assignments/options"
[GIN] 2026/05/09 - 00:09:37 | 204 |       9.348µs |             ::1 | OPTIONS  "/api/assignments/"
[GIN] 2026/05/09 - 00:09:37 | 204 |      17.403µs |             ::1 | OPTIONS  "/api/assignments/options"
[GIN] 2026/05/09 - 00:09:37 | 200 |    1.210827ms |             ::1 | GET      "/api/assignments/"
[GIN] 2026/05/09 - 00:09:37 | 200 |     950.305µs |             ::1 | GET      "/api/assignments/options"
[GIN] 2026/05/09 - 00:09:37 | 200 |    1.029024ms |             ::1 | GET      "/api/assignments/"
[GIN] 2026/05/09 - 00:09:37 | 200 |    1.037801ms |             ::1 | GET      "/api/assignments/options"
[GIN] 2026/05/09 - 00:09:37 | 204 |       9.428µs |             ::1 | OPTIONS  "/api/coordinator/students"
[GIN] 2026/05/09 - 00:09:37 | 204 |      13.606µs |             ::1 | OPTIONS  "/api/coordinator/students"

2026/05/09 00:09:37 [31;1m/home/jesua/Documents/My Personal Project/ojt-system/backend/controllers/coordinator_controller.go:72 [35;1mrecord not found
[0m[33m[0.082ms] [34;1m[rows:0][0m SELECT * FROM "evaluations" WHERE student_id = 2 AND "evaluations"."deleted_at" IS NULL ORDER BY created_at desc,"evaluations"."id" LIMIT 1

2026/05/09 00:09:37 [31;1m/home/jesua/Documents/My Personal Project/ojt-system/backend/controllers/coordinator_controller.go:72 [35;1mrecord not found
[0m[33m[0.064ms] [34;1m[rows:0][0m SELECT * FROM "evaluations" WHERE student_id = 8 AND "evaluations"."deleted_at" IS NULL ORDER BY created_at desc,"evaluations"."id" LIMIT 1
[GIN] 2026/05/09 - 00:09:37 | 200 |    1.472392ms |             ::1 | GET      "/api/coordinator/students"

2026/05/09 00:09:37 [31;1m/home/jesua/Documents/My Personal Project/ojt-system/backend/controllers/coordinator_controller.go:72 [35;1mrecord not found
[0m[33m[0.094ms] [34;1m[rows:0][0m SELECT * FROM "evaluations" WHERE student_id = 2 AND "evaluations"."deleted_at" IS NULL ORDER BY created_at desc,"evaluations"."id" LIMIT 1

2026/05/09 00:09:37 [31;1m/home/jesua/Documents/My Personal Project/ojt-system/backend/controllers/coordinator_controller.go:72 [35;1mrecord not found
[0m[33m[0.116ms] [34;1m[rows:0][0m SELECT * FROM "evaluations" WHERE student_id = 8 AND "evaluations"."deleted_at" IS NULL ORDER BY created_at desc,"evaluations"."id" LIMIT 1
[GIN] 2026/05/09 - 00:09:37 | 200 |    2.247316ms |             ::1 | GET      "/api/coordinator/students"
[GIN] 2026/05/09 - 00:09:37 | 204 |       9.017µs |             ::1 | OPTIONS  "/api/timelogs/8"
[GIN] 2026/05/09 - 00:09:37 | 204 |       5.511µs |             ::1 | OPTIONS  "/api/timelogs/8"
[GIN] 2026/05/09 - 00:09:37 | 200 |      418.17µs |             ::1 | GET      "/api/timelogs/8"

2026/05/09 00:09:37 [31;1m/home/jesua/Documents/My Personal Project/ojt-system/backend/controllers/coordinator_controller.go:72 [35;1mrecord not found
[0m[33m[0.267ms] [34;1m[rows:0][0m SELECT * FROM "evaluations" WHERE student_id = 2 AND "evaluations"."deleted_at" IS NULL ORDER BY created_at desc,"evaluations"."id" LIMIT 1

2026/05/09 00:09:37 [31;1m/home/jesua/Documents/My Personal Project/ojt-system/backend/controllers/coordinator_controller.go:72 [35;1mrecord not found
[0m[33m[0.203ms] [34;1m[rows:0][0m SELECT * FROM "evaluations" WHERE student_id = 8 AND "evaluations"."deleted_at" IS NULL ORDER BY created_at desc,"evaluations"."id" LIMIT 1
[GIN] 2026/05/09 - 00:09:37 | 200 |    2.967677ms |             ::1 | GET      "/api/coordinator/students"
[GIN] 2026/05/09 - 00:09:37 | 200 |     472.322µs |             ::1 | GET      "/api/timelogs/8"
[GIN] 2026/05/09 - 00:09:38 | 204 |       7.384µs |             ::1 | OPTIONS  "/api/coordinator/documents?status=pending"
[GIN] 2026/05/09 - 00:09:38 | 204 |       4.609µs |             ::1 | OPTIONS  "/api/coordinator/documents?status=pending"
[GIN] 2026/05/09 - 00:09:38 | 200 |      688.53µs |             ::1 | GET      "/api/coordinator/documents?status=pending"
[GIN] 2026/05/09 - 00:09:38 | 200 |     849.314µs |             ::1 | GET      "/api/coordinator/documents?status=pending"
[GIN] 2026/05/09 - 00:09:59 | 204 |      15.579µs |             ::1 | OPTIONS  "/api/notifications/"
[GIN] 2026/05/09 - 00:09:59 | 200 |     543.537µs |             ::1 | GET      "/api/notifications/"
[GIN] 2026/05/09 - 00:09:59 | 204 |      13.465µs |             ::1 | OPTIONS  "/api/notifications/"
[GIN] 2026/05/09 - 00:09:59 | 200 |     473.555µs |             ::1 | GET      "/api/notifications/"
[GIN] 2026/05/09 - 00:10:01 | 200 |     578.002µs |             ::1 | GET      "/api/notifications/"
[GIN] 2026/05/09 - 00:10:29 | 204 |       6.241µs |             ::1 | OPTIONS  "/api/notifications/"
[GIN] 2026/05/09 - 00:10:29 | 200 |     545.901µs |             ::1 | GET      "/api/notifications/"
[GIN] 2026/05/09 - 00:10:29 | 204 |       7.244µs |             ::1 | OPTIONS  "/api/notifications/"
[GIN] 2026/05/09 - 00:10:29 | 200 |     511.967µs |             ::1 | GET      "/api/notifications/"
[GIN] 2026/05/09 - 00:10:31 | 200 |     525.824µs |             ::1 | GET      "/api/notifications/"
[GIN] 2026/05/09 - 00:10:59 | 204 |      22.403µs |             ::1 | OPTIONS  "/api/notifications/"
[GIN] 2026/05/09 - 00:10:59 | 200 |       810.1µs |             ::1 | GET      "/api/notifications/"
[GIN] 2026/05/09 - 00:10:59 | 204 |       8.016µs |             ::1 | OPTIONS  "/api/notifications/"
[GIN] 2026/05/09 - 00:10:59 | 200 |     502.629µs |             ::1 | GET      "/api/notifications/"
[GIN] 2026/05/09 - 00:11:01 | 200 |     715.702µs |             ::1 | GET      "/api/notifications/"
[GIN] 2026/05/09 - 00:11:29 | 204 |       6.633µs |             ::1 | OPTIONS  "/api/notifications/"
[GIN] 2026/05/09 - 00:11:29 | 200 |      398.67µs |             ::1 | GET      "/api/notifications/"
[GIN] 2026/05/09 - 00:11:29 | 204 |       6.363µs |             ::1 | OPTIONS  "/api/notifications/"
[GIN] 2026/05/09 - 00:11:29 | 200 |     386.818µs |             ::1 | GET      "/api/notifications/"
[GIN] 2026/05/09 - 00:11:31 | 200 |     626.224µs |             ::1 | GET      "/api/notifications/"
[GIN] 2026/05/09 - 00:11:59 | 204 |       10.67µs |             ::1 | OPTIONS  "/api/notifications/"
[GIN] 2026/05/09 - 00:11:59 | 200 |     520.332µs |             ::1 | GET      "/api/notifications/"
[GIN] 2026/05/09 - 00:12:00 | 204 |      11.142µs |             ::1 | OPTIONS  "/api/notifications/"
[GIN] 2026/05/09 - 00:12:00 | 200 |     530.481µs |             ::1 | GET      "/api/notifications/"
[GIN] 2026/05/09 - 00:12:01 | 200 |     516.054µs |             ::1 | GET      "/api/notifications/"
[GIN] 2026/05/09 - 00:12:29 | 204 |       9.267µs |             ::1 | OPTIONS  "/api/notifications/"
[GIN] 2026/05/09 - 00:12:29 | 200 |     576.539µs |             ::1 | GET      "/api/notifications/"
[GIN] 2026/05/09 - 00:12:30 | 204 |       20.91µs |             ::1 | OPTIONS  "/api/notifications/"
[GIN] 2026/05/09 - 00:12:30 | 200 |     514.571µs |             ::1 | GET      "/api/notifications/"
[GIN] 2026/05/09 - 00:12:31 | 200 |     453.655µs |             ::1 | GET      "/api/notifications/"
[GIN] 2026/05/09 - 00:12:59 | 204 |      11.973µs |             ::1 | OPTIONS  "/api/notifications/"
[GIN] 2026/05/09 - 00:12:59 | 200 |     758.845µs |             ::1 | GET      "/api/notifications/"
[GIN] 2026/05/09 - 00:13:01 | 200 |     548.044µs |             ::1 | GET      "/api/notifications/"
[GIN] 2026/05/09 - 00:13:14 | 204 |      14.357µs |             ::1 | OPTIONS  "/api/timelogs/"
[GIN] 2026/05/09 - 00:13:14 | 204 |        5.11µs |             ::1 | OPTIONS  "/api/timelogs/"
[GIN] 2026/05/09 - 00:13:14 | 200 |    1.043196ms |             ::1 | GET      "/api/timelogs/"
[GIN] 2026/05/09 - 00:13:14 | 200 |    1.304024ms |             ::1 | GET      "/api/timelogs/"
[GIN] 2026/05/09 - 00:13:19 | 204 |      10.259µs |             ::1 | OPTIONS  "/api/timelogs/clockout"
[GIN] 2026/05/09 - 00:13:19 | 200 |   14.815885ms |             ::1 | PATCH    "/api/timelogs/clockout"
[GIN] 2026/05/09 - 00:13:19 | 200 |    1.241624ms |             ::1 | GET      "/api/timelogs/"
[GIN] 2026/05/09 - 00:13:29 | 204 |       9.307µs |             ::1 | OPTIONS  "/api/notifications/"
[GIN] 2026/05/09 - 00:13:29 | 200 |      504.54µs |             ::1 | GET      "/api/notifications/"
[GIN] 2026/05/09 - 00:13:31 | 200 |     564.525µs |             ::1 | GET      "/api/notifications/"
[GIN] 2026/05/09 - 00:13:36 | 204 |       8.857µs |             ::1 | OPTIONS  "/api/notifications/"
[GIN] 2026/05/09 - 00:13:36 | 200 |     862.152µs |             ::1 | GET      "/api/notifications/"
[GIN] 2026/05/09 - 00:13:59 | 204 |      12.574µs |             ::1 | OPTIONS  "/api/notifications/"
[GIN] 2026/05/09 - 00:13:59 | 200 |    1.083182ms |             ::1 | GET      "/api/notifications/"
[GIN] 2026/05/09 - 00:14:01 | 200 |     648.775µs |             ::1 | GET      "/api/notifications/"
[GIN] 2026/05/09 - 00:14:29 | 204 |      10.891µs |             ::1 | OPTIONS  "/api/notifications/"
[GIN] 2026/05/09 - 00:14:29 | 200 |      567.51µs |             ::1 | GET      "/api/notifications/"
[GIN] 2026/05/09 - 00:14:31 | 200 |     919.019µs |             ::1 | GET      "/api/notifications/"
[GIN] 2026/05/09 - 00:14:37 | 204 |       8.016µs |             ::1 | OPTIONS  "/api/notifications/"
[GIN] 2026/05/09 - 00:14:37 | 200 |     602.747µs |             ::1 | GET      "/api/notifications/"
[GIN] 2026/05/09 - 00:14:59 | 204 |        10.3µs |             ::1 | OPTIONS  "/api/notifications/"
[GIN] 2026/05/09 - 00:14:59 | 200 |     561.769µs |             ::1 | GET      "/api/notifications/"
[GIN] 2026/05/09 - 00:15:01 | 200 |     616.803µs |             ::1 | GET      "/api/notifications/"
[GIN] 2026/05/09 - 00:15:29 | 204 |       6.973µs |             ::1 | OPTIONS  "/api/notifications/"
[GIN] 2026/05/09 - 00:15:29 | 200 |     570.465µs |             ::1 | GET      "/api/notifications/"
[GIN] 2026/05/09 - 00:15:31 | 200 |     593.629µs |             ::1 | GET      "/api/notifications/"
[GIN] 2026/05/09 - 00:15:38 | 204 |      18.165µs |             ::1 | OPTIONS  "/api/notifications/"
[GIN] 2026/05/09 - 00:15:38 | 200 |     693.028µs |             ::1 | GET      "/api/notifications/"
[GIN] 2026/05/09 - 00:15:59 | 204 |       10.76µs |             ::1 | OPTIONS  "/api/notifications/"
[GIN] 2026/05/09 - 00:15:59 | 200 |     585.903µs |             ::1 | GET      "/api/notifications/"
[GIN] 2026/05/09 - 00:16:01 | 200 |     548.793µs |             ::1 | GET      "/api/notifications/"
[GIN] 2026/05/09 - 00:16:29 | 204 |       10.55µs |             ::1 | OPTIONS  "/api/notifications/"
[GIN] 2026/05/09 - 00:16:29 | 200 |     566.657µs |             ::1 | GET      "/api/notifications/"
[GIN] 2026/05/09 - 00:16:31 | 200 |     621.822µs |             ::1 | GET      "/api/notifications/"
[GIN] 2026/05/09 - 00:16:38 | 204 |      12.113µs |             ::1 | OPTIONS  "/api/notifications/"
[GIN] 2026/05/09 - 00:16:38 | 200 |     622.062µs |             ::1 | GET      "/api/notifications/"
[GIN] 2026/05/09 - 00:16:59 | 204 |       9.358µs |             ::1 | OPTIONS  "/api/notifications/"
[GIN] 2026/05/09 - 00:16:59 | 200 |      520.92µs |             ::1 | GET      "/api/notifications/"
[GIN] 2026/05/09 - 00:17:01 | 200 |      605.24µs |             ::1 | GET      "/api/notifications/"
[GIN] 2026/05/09 - 00:17:29 | 204 |       7.284µs |             ::1 | OPTIONS  "/api/notifications/"
[GIN] 2026/05/09 - 00:17:29 | 200 |     609.397µs |             ::1 | GET      "/api/notifications/"
[GIN] 2026/05/09 - 00:17:31 | 200 |     850.385µs |             ::1 | GET      "/api/notifications/"
[GIN] 2026/05/09 - 00:17:38 | 204 |       7.735µs |             ::1 | OPTIONS  "/api/notifications/"
[GIN] 2026/05/09 - 00:17:38 | 200 |     576.595µs |             ::1 | GET      "/api/notifications/"
[GIN] 2026/05/09 - 00:17:59 | 204 |       9.598µs |             ::1 | OPTIONS  "/api/notifications/"
[GIN] 2026/05/09 - 00:17:59 | 200 |     619.887µs |             ::1 | GET      "/api/notifications/"
[GIN] 2026/05/09 - 00:18:01 | 200 |     686.413µs |             ::1 | GET      "/api/notifications/"
[GIN] 2026/05/09 - 00:18:29 | 204 |       9.348µs |             ::1 | OPTIONS  "/api/notifications/"
[GIN] 2026/05/09 - 00:18:29 | 200 |     630.066µs |             ::1 | GET      "/api/notifications/"
[GIN] 2026/05/09 - 00:18:31 | 200 |     573.228µs |             ::1 | GET      "/api/notifications/"
[GIN] 2026/05/09 - 00:18:38 | 204 |       10.35µs |             ::1 | OPTIONS  "/api/notifications/"
[GIN] 2026/05/09 - 00:18:38 | 200 |      763.66µs |             ::1 | GET      "/api/notifications/"
[GIN] 2026/05/09 - 00:18:59 | 204 |      11.211µs |             ::1 | OPTIONS  "/api/notifications/"
[GIN] 2026/05/09 - 00:18:59 | 200 |     589.559µs |             ::1 | GET      "/api/notifications/"
[GIN] 2026/05/09 - 00:19:01 | 200 |     692.625µs |             ::1 | GET      "/api/notifications/"
[GIN] 2026/05/09 - 00:19:29 | 204 |       10.71µs |             ::1 | OPTIONS  "/api/notifications/"
[GIN] 2026/05/09 - 00:19:29 | 200 |     553.901µs |             ::1 | GET      "/api/notifications/"
[GIN] 2026/05/09 - 00:19:31 | 200 |     657.929µs |             ::1 | GET      "/api/notifications/"
[GIN] 2026/05/09 - 00:19:38 | 204 |      12.914µs |             ::1 | OPTIONS  "/api/notifications/"
[GIN] 2026/05/09 - 00:19:38 | 200 |     651.897µs |             ::1 | GET      "/api/notifications/"
[GIN] 2026/05/09 - 00:19:59 | 204 |       9.167µs |             ::1 | OPTIONS  "/api/notifications/"
[GIN] 2026/05/09 - 00:19:59 | 200 |     562.877µs |             ::1 | GET      "/api/notifications/"
[GIN] 2026/05/09 - 00:20:01 | 200 |     510.719µs |             ::1 | GET      "/api/notifications/"
